Archive member included to satisfy reference by file (symbol)

/opt/Atollic_TrueSTUDIO_for_STM32_x86_64_9.3.0/ARMTools/bin/../lib/gcc/arm-atollic-eabi/6.3.1/../../../../arm-atollic-eabi/lib/armv6-m/libc_nano.a(lib_a-errno.o)
                              Src/syscalls.o (__errno)
/opt/Atollic_TrueSTUDIO_for_STM32_x86_64_9.3.0/ARMTools/bin/../lib/gcc/arm-atollic-eabi/6.3.1/../../../../arm-atollic-eabi/lib/armv6-m/libc_nano.a(lib_a-impure.o)
                              /opt/Atollic_TrueSTUDIO_for_STM32_x86_64_9.3.0/ARMTools/bin/../lib/gcc/arm-atollic-eabi/6.3.1/../../../../arm-atollic-eabi/lib/armv6-m/libc_nano.a(lib_a-errno.o) (_impure_ptr)
/opt/Atollic_TrueSTUDIO_for_STM32_x86_64_9.3.0/ARMTools/bin/../lib/gcc/arm-atollic-eabi/6.3.1/../../../../arm-atollic-eabi/lib/armv6-m/libc_nano.a(lib_a-init.o)
                              startup/startup_stm32g071xx.o (__libc_init_array)
/opt/Atollic_TrueSTUDIO_for_STM32_x86_64_9.3.0/ARMTools/bin/../lib/gcc/arm-atollic-eabi/6.3.1/../../../../arm-atollic-eabi/lib/armv6-m/libc_nano.a(lib_a-memset.o)
                              Src/main.o (memset)
/opt/Atollic_TrueSTUDIO_for_STM32_x86_64_9.3.0/ARMTools/bin/../lib/gcc/arm-atollic-eabi/6.3.1/../../../../arm-atollic-eabi/lib/armv6-m/libc_nano.a(lib_a-nano-vfprintf_float.o)
                              (_printf_float)
/opt/Atollic_TrueSTUDIO_for_STM32_x86_64_9.3.0/ARMTools/bin/../lib/gcc/arm-atollic-eabi/6.3.1/../../../../arm-atollic-eabi/lib/armv6-m/libc_nano.a(lib_a-nano-vfprintf_i.o)
                              /opt/Atollic_TrueSTUDIO_for_STM32_x86_64_9.3.0/ARMTools/bin/../lib/gcc/arm-atollic-eabi/6.3.1/../../../../arm-atollic-eabi/lib/armv6-m/libc_nano.a(lib_a-nano-vfprintf_float.o) (_printf_common)
/opt/Atollic_TrueSTUDIO_for_STM32_x86_64_9.3.0/ARMTools/bin/../lib/gcc/arm-atollic-eabi/6.3.1/../../../../arm-atollic-eabi/lib/armv6-m/libc_nano.a(lib_a-printf.o)
                              Src/main.o (printf)
/opt/Atollic_TrueSTUDIO_for_STM32_x86_64_9.3.0/ARMTools/bin/../lib/gcc/arm-atollic-eabi/6.3.1/../../../../arm-atollic-eabi/lib/armv6-m/libc_nano.a(lib_a-puts.o)
                              Src/main.o (puts)
/opt/Atollic_TrueSTUDIO_for_STM32_x86_64_9.3.0/ARMTools/bin/../lib/gcc/arm-atollic-eabi/6.3.1/../../../../arm-atollic-eabi/lib/armv6-m/libc_nano.a(lib_a-strlen.o)
                              /opt/Atollic_TrueSTUDIO_for_STM32_x86_64_9.3.0/ARMTools/bin/../lib/gcc/arm-atollic-eabi/6.3.1/../../../../arm-atollic-eabi/lib/armv6-m/libc_nano.a(lib_a-nano-vfprintf_float.o) (strlen)
/opt/Atollic_TrueSTUDIO_for_STM32_x86_64_9.3.0/ARMTools/bin/../lib/gcc/arm-atollic-eabi/6.3.1/../../../../arm-atollic-eabi/lib/armv6-m/libc_nano.a(lib_a-wbuf.o)
                              /opt/Atollic_TrueSTUDIO_for_STM32_x86_64_9.3.0/ARMTools/bin/../lib/gcc/arm-atollic-eabi/6.3.1/../../../../arm-atollic-eabi/lib/armv6-m/libc_nano.a(lib_a-puts.o) (__swbuf_r)
/opt/Atollic_TrueSTUDIO_for_STM32_x86_64_9.3.0/ARMTools/bin/../lib/gcc/arm-atollic-eabi/6.3.1/../../../../arm-atollic-eabi/lib/armv6-m/libc_nano.a(lib_a-wsetup.o)
                              /opt/Atollic_TrueSTUDIO_for_STM32_x86_64_9.3.0/ARMTools/bin/../lib/gcc/arm-atollic-eabi/6.3.1/../../../../arm-atollic-eabi/lib/armv6-m/libc_nano.a(lib_a-puts.o) (__swsetup_r)
/opt/Atollic_TrueSTUDIO_for_STM32_x86_64_9.3.0/ARMTools/bin/../lib/gcc/arm-atollic-eabi/6.3.1/../../../../arm-atollic-eabi/lib/armv6-m/libc_nano.a(lib_a-dtoa.o)
                              /opt/Atollic_TrueSTUDIO_for_STM32_x86_64_9.3.0/ARMTools/bin/../lib/gcc/arm-atollic-eabi/6.3.1/../../../../arm-atollic-eabi/lib/armv6-m/libc_nano.a(lib_a-nano-vfprintf_float.o) (_dtoa_r)
/opt/Atollic_TrueSTUDIO_for_STM32_x86_64_9.3.0/ARMTools/bin/../lib/gcc/arm-atollic-eabi/6.3.1/../../../../arm-atollic-eabi/lib/armv6-m/libc_nano.a(lib_a-fflush.o)
                              /opt/Atollic_TrueSTUDIO_for_STM32_x86_64_9.3.0/ARMTools/bin/../lib/gcc/arm-atollic-eabi/6.3.1/../../../../arm-atollic-eabi/lib/armv6-m/libc_nano.a(lib_a-wbuf.o) (_fflush_r)
/opt/Atollic_TrueSTUDIO_for_STM32_x86_64_9.3.0/ARMTools/bin/../lib/gcc/arm-atollic-eabi/6.3.1/../../../../arm-atollic-eabi/lib/armv6-m/libc_nano.a(lib_a-findfp.o)
                              /opt/Atollic_TrueSTUDIO_for_STM32_x86_64_9.3.0/ARMTools/bin/../lib/gcc/arm-atollic-eabi/6.3.1/../../../../arm-atollic-eabi/lib/armv6-m/libc_nano.a(lib_a-printf.o) (__sinit)
/opt/Atollic_TrueSTUDIO_for_STM32_x86_64_9.3.0/ARMTools/bin/../lib/gcc/arm-atollic-eabi/6.3.1/../../../../arm-atollic-eabi/lib/armv6-m/libc_nano.a(lib_a-fwalk.o)
                              /opt/Atollic_TrueSTUDIO_for_STM32_x86_64_9.3.0/ARMTools/bin/../lib/gcc/arm-atollic-eabi/6.3.1/../../../../arm-atollic-eabi/lib/armv6-m/libc_nano.a(lib_a-findfp.o) (_fwalk)
/opt/Atollic_TrueSTUDIO_for_STM32_x86_64_9.3.0/ARMTools/bin/../lib/gcc/arm-atollic-eabi/6.3.1/../../../../arm-atollic-eabi/lib/armv6-m/libc_nano.a(lib_a-localeconv.o)
[...]
Memory Configuration

Name             Origin             Length             Attributes
RAM              0x0000000020000000 0x0000000000009000 xrw
FLASH            0x0000000008000000 0x0000000000020000 xr
*default*        0x0000000000000000 0xffffffffffffffff

Linker script and memory map

LOAD /opt/Atollic_TrueSTUDIO_for_STM32_x86_64_9.3.0/ARMTools/bin/../lib/gcc/arm-atollic-eabi/6.3.1/armv6-m/crti.o
LOAD /opt/Atollic_TrueSTUDIO_for_STM32_x86_64_9.3.0/ARMTools/bin/../lib/gcc/arm-atollic-eabi/6.3.1/armv6-m/crtbegin.o
LOAD Drivers/STM32G0xx_HAL_Driver/Src/stm32g0xx_hal.o
LOAD Drivers/STM32G0xx_HAL_Driver/Src/stm32g0xx_hal_cortex.o
LOAD Drivers/STM32G0xx_HAL_Driver/Src/stm32g0xx_hal_dma.o
LOAD Drivers/STM32G0xx_HAL_Driver/Src/stm32g0xx_hal_dma_ex.o
LOAD Drivers/STM32G0xx_HAL_Driver/Src/stm32g0xx_hal_exti.o
LOAD Drivers/STM32G0xx_HAL_Driver/Src/stm32g0xx_hal_flash.o
LOAD Drivers/STM32G0xx_HAL_Driver/Src/stm32g0xx_hal_flash_ex.o
LOAD Drivers/STM32G0xx_HAL_Driver/Src/stm32g0xx_hal_gpio.o
LOAD Drivers/STM32G0xx_HAL_Driver/Src/stm32g0xx_hal_i2c.o
LOAD Drivers/STM32G0xx_HAL_Driver/Src/stm32g0xx_hal_i2c_ex.o
LOAD Drivers/STM32G0xx_HAL_Driver/Src/stm32g0xx_hal_pwr.o
LOAD Drivers/STM32G0xx_HAL_Driver/Src/stm32g0xx_hal_pwr_ex.o
LOAD Drivers/STM32G0xx_HAL_Driver/Src/stm32g0xx_hal_rcc.o
LOAD Drivers/STM32G0xx_HAL_Driver/Src/stm32g0xx_hal_rcc_ex.o
LOAD Drivers/STM32G0xx_HAL_Driver/Src/stm32g0xx_hal_tim.o
LOAD Drivers/STM32G0xx_HAL_Driver/Src/stm32g0xx_hal_tim_ex.o
LOAD Drivers/STM32G0xx_HAL_Driver/Src/stm32g0xx_hal_uart.o
LOAD Drivers/STM32G0xx_HAL_Driver/Src/stm32g0xx_hal_uart_ex.o
LOAD Drivers/STM32G0xx_HAL_Driver/Src/stm32g0xx_ll_rcc.o
LOAD Src/main.o
LOAD Src/mlx90640/MLX90640_API.o
LOAD Src/mlx90640/MLX90640_I2C_Driver.o
LOAD Src/mlx90640/tImageCollector.o
LOAD Src/stm32g0xx_hal_msp.o
LOAD Src/stm32g0xx_it.o
LOAD Src/syscalls.o
LOAD Src/system_stm32g0xx.o
LOAD startup/startup_stm32g071xx.o
                0x0000000000000080                malloc_getpagesize_P = 0x80
START GROUP
LOAD /opt/Atollic_TrueSTUDIO_for_STM32_x86_64_9.3.0/ARMTools/bin/../lib/gcc/arm-atollic-eabi/6.3.1/../../../../arm-atollic-eabi/lib/armv6-m/libc_nano.a
LOAD /opt/Atollic_TrueSTUDIO_for_STM32_x86_64_9.3.0/ARMTools/bin/../lib/gcc/arm-atollic-eabi/6.3.1/../../../../arm-atollic-eabi/lib/armv6-m/libm.a
END GROUP
START GROUP
LOAD /opt/Atollic_TrueSTUDIO_for_STM32_x86_64_9.3.0/ARMTools/bin/../lib/gcc/arm-atollic-eabi/6.3.1/armv6-m/libgcc.a
LOAD /opt/Atollic_TrueSTUDIO_for_STM32_x86_64_9.3.0/ARMTools/bin/../lib/gcc/arm-atollic-eabi/6.3.1/../../../../arm-atollic-eabi/lib/armv6-m/libc_nano.a
END GROUP
START GROUP
LOAD /opt/Atollic_TrueSTUDIO_for_STM32_x86_64_9.3.0/ARMTools/bin/../lib/gcc/arm-atollic-eabi/6.3.1/armv6-m/libgcc.a
LOAD /opt/Atollic_TrueSTUDIO_for_STM32_x86_64_9.3.0/ARMTools/bin/../lib/gcc/arm-atollic-eabi/6.3.1/../../../../arm-atollic-eabi/lib/armv6-m/libc_nano.a
LOAD /opt/Atollic_TrueSTUDIO_for_STM32_x86_64_9.3.0/ARMTools/bin/../lib/gcc/arm-atollic-eabi/6.3.1/../../../../arm-atollic-eabi/lib/armv6-m/libnosys.a
END GROUP
START GROUP
LOAD /opt/Atollic_TrueSTUDIO_for_STM32_x86_64_9.3.0/ARMTools/bin/../lib/gcc/arm-atollic-eabi/6.3.1/armv6-m/libgcc.a
LOAD /opt/Atollic_TrueSTUDIO_for_STM32_x86_64_9.3.0/ARMTools/bin/../lib/gcc/arm-atollic-eabi/6.3.1/../../../../arm-atollic-eabi/lib/armv6-m/libc_nano.a
LOAD /opt/Atollic_TrueSTUDIO_for_STM32_x86_64_9.3.0/ARMTools/bin/../lib/gcc/arm-atollic-eabi/6.3.1/../../../../arm-atollic-eabi/lib/armv6-m/libnosys.a
END GROUP
LOAD /opt/Atollic_TrueSTUDIO_for_STM32_x86_64_9.3.0/ARMTools/bin/../lib/gcc/arm-atollic-eabi/6.3.1/armv6-m/crtend.o
LOAD /opt/Atollic_TrueSTUDIO_for_STM32_x86_64_9.3.0/ARMTools/bin/../lib/gcc/arm-atollic-eabi/6.3.1/armv6-m/crtn.o
                0x0000000020009000                _estack = 0x20009000
                0x0000000000000200                _Min_Heap_Size = 0x200
                0x0000000000000400                _Min_Stack_Size = 0x400

.isr_vector     0x0000000008000000       0xbc
                0x0000000008000000                . = ALIGN (0x4)
 *(.isr_vector)
 .isr_vector    0x0000000008000000       0xbc startup/startup_stm32g071xx.o
                0x0000000008000000                g_pfnVectors
                0x00000000080000bc                . = ALIGN (0x4)

.text           0x00000000080000bc     0x70b0
                0x00000000080000bc                . = ALIGN (0x4)
 *(.text)
 .text          0x00000000080000bc       0x48 /opt/Atollic_TrueSTUDIO_for_STM32_x86_64_9.3.0/ARMTools/bin/../lib/gcc/arm-atollic-eabi/6.3.1/armv6-m/crtbegin.o
 .text          0x0000000008000104        0xe /opt/Atollic_TrueSTUDIO_for_STM32_x86_64_9.3.0/ARMTools/bin/../lib/gcc/arm-atollic-eabi/6.3.1/../../../../arm-atollic-eabi/lib/armv6-m/libc_nano.a(lib_a-strlen.o)
                0x0000000008000104                strlen
 *fill*         0x0000000008000112        0x2 
 .text          0x0000000008000114       0x14 /opt/Atollic_TrueSTUDIO_for_STM32_x86_64_9.3.0/ARMTools/bin/../lib/gcc/arm-atollic-eabi/6.3.1/armv6-m/libgcc.a(_thumb1_case_uqi.o)
                0x0000000008000114                __gnu_thumb1_case_uqi
 .text          0x0000000008000128       0x14 /opt/Atollic_TrueSTUDIO_for_STM32_x86_64_9.3.0/ARMTools/bin/../lib/gcc/arm-atollic-eabi/6.3.1/armv6-m/libgcc.a(_thumb1_case_uhi.o)
                0x0000000008000128                __gnu_thumb1_case_uhi
 .text          0x000000000800013c      0x114 /opt/Atollic_TrueSTUDIO_for_STM32_x86_64_9.3.0/ARMTools/bin/../lib/gcc/arm-atollic-eabi/6.3.1/armv6-m/libgcc.a(_udivsi3.o)
                0x000000000800013c                __udivsi3
                0x000000000800013c                __aeabi_uidiv
                0x0000000008000248                __aeabi_uidivmod
 .text          0x0000000008000250      0x1d4 /opt/Atollic_TrueSTUDIO_for_STM32_x86_64_9.3.0/ARMTools/bin/../lib/gcc/arm-atollic-eabi/6.3.1/armv6-m/libgcc.a(_divsi3.o)
                0x0000000008000250                __aeabi_idiv
                0x0000000008000250                __divsi3
                0x000000000800041c                __aeabi_idivmod
 .text          0x0000000008000424        0x4 /opt/Atollic_TrueSTUDIO_for_STM32_x86_64_9.3.0/ARMTools/bin/../lib/gcc/arm-atollic-eabi/6.3.1/armv6-m/libgcc.a(_dvmd_tls.o)
                0x0000000008000424                __aeabi_ldiv0
                0x0000000008000424                __aeabi_idiv0
 .text          0x0000000008000428       0x7c /opt/Atollic_TrueSTUDIO_for_STM32_x86_64_9.3.0/ARMTools/bin/../lib/gcc/arm-atollic-eabi/6.3.1/armv6-m/libgcc.a(_arm_cmpdf2.o)
                0x0000000008000428                __aeabi_cdrcmple
                0x0000000008000438                __aeabi_cdcmple
                0x0000000008000438                __aeabi_cdcmpeq
                0x0000000008000448                __aeabi_dcmpeq
                0x0000000008000454                __aeabi_dcmplt
                0x0000000008000468                __aeabi_dcmple
                0x000000000800047c                __aeabi_dcmpgt
                0x0000000008000490                __aeabi_dcmpge
 .text          0x00000000080004a4       0x40 /opt/Atollic_TrueSTUDIO_for_STM32_x86_64_9.3.0/ARMTools/bin/../lib/gcc/arm-atollic-eabi/6.3.1/armv6-m/libgcc.a(_aeabi_uldivmod.o)
                0x00000000080004a4                __aeabi_uldivmod
 .text          0x00000000080004e4      0x180 /opt/Atollic_TrueSTUDIO_for_STM32_x86_64_9.3.0/ARMTools/bin/../lib/gcc/arm-atollic-eabi/6.3.1/armv6-m/libgcc.a(_udivmoddi4.o)
                0x00000000080004e4                __udivmoddi4
 .text          0x0000000008000664      0x620 /opt/Atollic_TrueSTUDIO_for_STM32_x86_64_9.3.0/ARMTools/bin/../lib/gcc/arm-atollic-eabi/6.3.1/armv6-m/libgcc.a(adddf3.o)
                0x0000000008000664                __aeabi_dadd
 .text          0x0000000008000c84      0x668 /opt/Atollic_TrueSTUDIO_for_STM32_x86_64_9.3.0/ARMTools/bin/../lib/gcc/arm-atollic-eabi/6.3.1/armv6-m/libgcc.a(divdf3.o)
                0x0000000008000c84                __aeabi_ddiv
 .text          0x00000000080012ec       0x74 /opt/Atollic_TrueSTUDIO_for_STM32_x86_64_9.3.0/ARMTools/bin/../lib/gcc/arm-atollic-eabi/6.3.1/armv6-m/libgcc.a(eqdf2.o)
                0x00000000080012ec                __eqdf2
                0x00000000080012ec                __nedf2
 .text          0x0000000008001360       0xc8 /opt/Atollic_TrueSTUDIO_for_STM32_x86_64_9.3.0/ARMTools/bin/../lib/gcc/arm-atollic-eabi/6.3.1/armv6-m/libgcc.a(gedf2.o)
                0x0000000008001360                __gtdf2
                0x0000000008001360                __gedf2
 .text          0x0000000008001428       0xc4 /opt/Atollic_TrueSTUDIO_for_STM32_x86_64_9.3.0/ARMTools/bin/../lib/gcc/arm-atollic-eabi/6.3.1/armv6-m/libgcc.a(ledf2.o)
                0x0000000008001428                __ltdf2
                0x0000000008001428                __ledf2
 .text          0x00000000080014ec      0x500 /opt/Atollic_TrueSTUDIO_for_STM32_x86_64_9.3.0/ARMTools/bin/../lib/gcc/arm-atollic-eabi/6.3.1/armv6-m/libgcc.a(muldf3.o)
                0x00000000080014ec                __aeabi_dmul
 .text          0x00000000080019ec      0x62c /opt/Atollic_TrueSTUDIO_for_STM32_x86_64_9.3.0/ARMTools/bin/../lib/gcc/arm-atollic-eabi/6.3.1/armv6-m/libgcc.a(subdf3.o)
                0x00000000080019ec                __aeabi_dsub
 .text          0x0000000008002018       0x40 /opt/Atollic_TrueSTUDIO_for_STM32_x86_64_9.3.0/ARMTools/bin/../lib/gcc/arm-atollic-eabi/6.3.1/armv6-m/libgcc.a(unorddf2.o)
                0x0000000008002018                __aeabi_dcmpun
 .text          0x0000000008002058       0x68 /opt/Atollic_TrueSTUDIO_for_STM32_x86_64_9.3.0/ARMTools/bin/../lib/gcc/arm-atollic-eabi/6.3.1/armv6-m/libgcc.a(fixdfsi.o)
                0x0000000008002058                __aeabi_d2iz
 .text          0x00000000080020c0       0x84 /opt/Atollic_TrueSTUDIO_for_STM32_x86_64_9.3.0/ARMTools/bin/../lib/gcc/arm-atollic-eabi/6.3.1/armv6-m/libgcc.a(floatsidf.o)
                0x00000000080020c0                __aeabi_i2d
 .text          0x0000000008002144       0x70 /opt/Atollic_TrueSTUDIO_for_STM32_x86_64_9.3.0/ARMTools/bin/../lib/gcc/arm-atollic-eabi/6.3.1/armv6-m/libgcc.a(floatunsidf.o)
                0x0000000008002144                __aeabi_ui2d
 .text          0x00000000080021b4       0x3c /opt/Atollic_TrueSTUDIO_for_STM32_x86_64_9.3.0/ARMTools/bin/../lib/gcc/arm-atollic-eabi/6.3.1/armv6-m/libgcc.a(_clzsi2.o)
                0x00000000080021b4                __clzsi2
 .text          0x00000000080021f0       0x18 /opt/Atollic_TrueSTUDIO_for_STM32_x86_64_9.3.0/ARMTools/bin/../lib/gcc/arm-atollic-eabi/6.3.1/armv6-m/libgcc.a(_clzdi2.o)
                0x00000000080021f0                __clzdi2
 *(.text*)
 .text.HAL_InitTick
                0x0000000008002208       0x50 Drivers/STM32G0xx_HAL_Driver/Src/stm32g0xx_hal.o
                0x0000000008002208                HAL_InitTick
 .text.HAL_Init
                0x0000000008002258       0x28 Drivers/STM32G0xx_HAL_Driver/Src/stm32g0xx_hal.o
                0x0000000008002258                HAL_Init
 .text.HAL_IncTick
                0x0000000008002280       0x18 Drivers/STM32G0xx_HAL_Driver/Src/stm32g0xx_hal.o
                0x0000000008002280                HAL_IncTick
 .text.HAL_GetTick
                0x0000000008002298        0xc Drivers/STM32G0xx_HAL_Driver/Src/stm32g0xx_hal.o
                0x0000000008002298                HAL_GetTick
 .text.HAL_Delay
                0x00000000080022a4       0x24 Drivers/STM32G0xx_HAL_Driver/Src/stm32g0xx_hal.o
                0x00000000080022a4                HAL_Delay
 .text.HAL_NVIC_SetPriority
                0x00000000080022c8       0x60 Drivers/STM32G0xx_HAL_Driver/Src/stm32g0xx_hal_cortex.o
                0x00000000080022c8                HAL_NVIC_SetPriority
 .text.HAL_NVIC_EnableIRQ
                0x0000000008002328       0x18 Drivers/STM32G0xx_HAL_Driver/Src/stm32g0xx_hal_cortex.o
                0x0000000008002328                HAL_NVIC_EnableIRQ
 .text.HAL_SYSTICK_Config
                0x0000000008002340       0x34 Drivers/STM32G0xx_HAL_Driver/Src/stm32g0xx_hal_cortex.o
                0x0000000008002340                HAL_SYSTICK_Config
 .text.HAL_DMA_Abort_IT
                0x0000000008002374       0x7c Drivers/STM32G0xx_HAL_Driver/Src/stm32g0xx_hal_dma.o
                0x0000000008002374                HAL_DMA_Abort_IT
 .text.HAL_GPIO_Init
                0x00000000080023f0      0x150 Drivers/STM32G0xx_HAL_Driver/Src/stm32g0xx_hal_gpio.o
                0x00000000080023f0                HAL_GPIO_Init
 .text.HAL_GPIO_WritePin
                0x0000000008002540        0xc Drivers/STM32G0xx_HAL_Driver/Src/stm32g0xx_hal_gpio.o
                0x0000000008002540                HAL_GPIO_WritePin
 .text.I2C_Flush_TXDR
                0x000000000800254c       0x1c Drivers/STM32G0xx_HAL_Driver/Src/stm32g0xx_hal_i2c.o
 .text.I2C_TransferConfig
                0x0000000008002568       0x2c Drivers/STM32G0xx_HAL_Driver/Src/stm32g0xx_hal_i2c.o
 .text.I2C_WaitOnFlagUntilTimeout
                0x0000000008002594       0x50 Drivers/STM32G0xx_HAL_Driver/Src/stm32g0xx_hal_i2c.o
 .text.I2C_IsAcknowledgeFailed
                0x00000000080025e4       0x7c Drivers/STM32G0xx_HAL_Driver/Src/stm32g0xx_hal_i2c.o
 .text.I2C_WaitOnTXISFlagUntilTimeout
                0x0000000008002660       0x54 Drivers/STM32G0xx_HAL_Driver/Src/stm32g0xx_hal_i2c.o
 .text.I2C_RequestMemoryWrite
                0x00000000080026b4       0x64 Drivers/STM32G0xx_HAL_Driver/Src/stm32g0xx_hal_i2c.o
 .text.I2C_RequestMemoryRead
                0x0000000008002718       0x64 Drivers/STM32G0xx_HAL_Driver/Src/stm32g0xx_hal_i2c.o
 .text.I2C_WaitOnSTOPFlagUntilTimeout
                0x000000000800277c       0x50 Drivers/STM32G0xx_HAL_Driver/Src/stm32g0xx_hal_i2c.o
 .text.HAL_I2C_Init
                0x00000000080027cc       0xac Drivers/STM32G0xx_HAL_Driver/Src/stm32g0xx_hal_i2c.o
                0x00000000080027cc                HAL_I2C_Init
 .text.HAL_I2C_Mem_Write
                0x0000000008002878      0x170 Drivers/STM32G0xx_HAL_Driver/Src/stm32g0xx_hal_i2c.o
                0x0000000008002878                HAL_I2C_Mem_Write
 .text.HAL_I2C_Mem_Read
                0x00000000080029e8      0x17c Drivers/STM32G0xx_HAL_Driver/Src/stm32g0xx_hal_i2c.o
                0x00000000080029e8                HAL_I2C_Mem_Read
 .text.HAL_I2C_IsDeviceReady
                0x0000000008002b64      0x124 Drivers/STM32G0xx_HAL_Driver/Src/stm32g0xx_hal_i2c.o
                0x0000000008002b64                HAL_I2C_IsDeviceReady
 .text.HAL_I2CEx_ConfigAnalogFilter
                0x0000000008002c88       0x4c Drivers/STM32G0xx_HAL_Driver/Src/stm32g0xx_hal_i2c_ex.o
                0x0000000008002c88                HAL_I2CEx_ConfigAnalogFilter
 .text.HAL_I2CEx_ConfigDigitalFilter
                0x0000000008002cd4       0x48 Drivers/STM32G0xx_HAL_Driver/Src/stm32g0xx_hal_i2c_ex.o
                0x0000000008002cd4                HAL_I2CEx_ConfigDigitalFilter
 .text.HAL_I2CEx_EnableFastModePlus
                0x0000000008002d1c       0x28 Drivers/STM32G0xx_HAL_Driver/Src/stm32g0xx_hal_i2c_ex.o
                0x0000000008002d1c                HAL_I2CEx_EnableFastModePlus
 .text.HAL_PWREx_ControlVoltageScaling
                0x0000000008002d44       0x54 Drivers/STM32G0xx_HAL_Driver/Src/stm32g0xx_hal_pwr_ex.o
                0x0000000008002d44                HAL_PWREx_ControlVoltageScaling
 .text.HAL_RCC_OscConfig
                0x0000000008002d98      0x454 Drivers/STM32G0xx_HAL_Driver/Src/stm32g0xx_hal_rcc.o
                0x0000000008002d98                HAL_RCC_OscConfig
 .text.HAL_RCC_GetSysClockFreq
                0x00000000080031ec       0x8c Drivers/STM32G0xx_HAL_Driver/Src/stm32g0xx_hal_rcc.o
                0x00000000080031ec                HAL_RCC_GetSysClockFreq
 .text.HAL_RCC_ClockConfig
                0x0000000008003278      0x15c Drivers/STM32G0xx_HAL_Driver/Src/stm32g0xx_hal_rcc.o
                0x0000000008003278                HAL_RCC_ClockConfig
 .text.HAL_RCC_GetPCLK1Freq
                0x00000000080033d4       0x28 Drivers/STM32G0xx_HAL_Driver/Src/stm32g0xx_hal_rcc.o
                0x00000000080033d4                HAL_RCC_GetPCLK1Freq
 .text.HAL_RCCEx_PeriphCLKConfig
                0x00000000080033fc      0x204 Drivers/STM32G0xx_HAL_Driver/Src/stm32g0xx_hal_rcc_ex.o
                0x00000000080033fc                HAL_RCCEx_PeriphCLKConfig
 .text.UART_EndRxTransfer
                0x0000000008003600       0x28 Drivers/STM32G0xx_HAL_Driver/Src/stm32g0xx_hal_uart.o
 .text.HAL_UART_TxCpltCallback
                0x0000000008003628        0x2 Drivers/STM32G0xx_HAL_Driver/Src/stm32g0xx_hal_uart.o
                0x0000000008003628                HAL_UART_TxCpltCallback
 .text.HAL_UART_ErrorCallback
                0x000000000800362a        0x2 Drivers/STM32G0xx_HAL_Driver/Src/stm32g0xx_hal_uart.o
                0x000000000800362a                HAL_UART_ErrorCallback
 .text.HAL_UART_IRQHandler
                0x000000000800362c      0x18c Drivers/STM32G0xx_HAL_Driver/Src/stm32g0xx_hal_uart.o
                0x000000000800362c                HAL_UART_IRQHandler
 .text.UART_DMAAbortOnError
                0x00000000080037b8       0x16 Drivers/STM32G0xx_HAL_Driver/Src/stm32g0xx_hal_uart.o
 *fill*         0x00000000080037ce        0x2 
 .text.UART_SetConfig
                0x00000000080037d0      0x834 Drivers/STM32G0xx_HAL_Driver/Src/stm32g0xx_hal_uart.o
                0x00000000080037d0                UART_SetConfig
 .text.UART_AdvFeatureConfig
                0x0000000008004004       0xd0 Drivers/STM32G0xx_HAL_Driver/Src/stm32g0xx_hal_uart.o
                0x0000000008004004                UART_AdvFeatureConfig
 .text.UART_WaitOnFlagUntilTimeout
                0x00000000080040d4       0x64 Drivers/STM32G0xx_HAL_Driver/Src/stm32g0xx_hal_uart.o
                0x00000000080040d4                UART_WaitOnFlagUntilTimeout
 .text.HAL_UART_Transmit
                0x0000000008004138       0xd6 Drivers/STM32G0xx_HAL_Driver/Src/stm32g0xx_hal_uart.o
                0x0000000008004138                HAL_UART_Transmit
 *fill*         0x000000000800420e        0x2 
 .text.UART_CheckIdleState
                0x0000000008004210       0x68 Drivers/STM32G0xx_HAL_Driver/Src/stm32g0xx_hal_uart.o
                0x0000000008004210                UART_CheckIdleState
 .text.HAL_UART_Init
                0x0000000008004278       0x68 Drivers/STM32G0xx_HAL_Driver/Src/stm32g0xx_hal_uart.o
                0x0000000008004278                HAL_UART_Init
 .text.UARTEx_SetNbDataToProcess
                0x00000000080042e0       0x7c Drivers/STM32G0xx_HAL_Driver/Src/stm32g0xx_hal_uart_ex.o
 .text.HAL_UARTEx_WakeupCallback
                0x000000000800435c        0x2 Drivers/STM32G0xx_HAL_Driver/Src/stm32g0xx_hal_uart_ex.o
                0x000000000800435c                HAL_UARTEx_WakeupCallback
 .text.HAL_UARTEx_RxFifoFullCallback
                0x000000000800435e        0x2 Drivers/STM32G0xx_HAL_Driver/Src/stm32g0xx_hal_uart_ex.o
                0x000000000800435e                HAL_UARTEx_RxFifoFullCallback
 .text.HAL_UARTEx_TxFifoEmptyCallback
                0x0000000008004360        0x2 Drivers/STM32G0xx_HAL_Driver/Src/stm32g0xx_hal_uart_ex.o
                0x0000000008004360                HAL_UARTEx_TxFifoEmptyCallback
 *fill*         0x0000000008004362        0x2 
 .text.HAL_UARTEx_DisableFifoMode
                0x0000000008004364       0x38 Drivers/STM32G0xx_HAL_Driver/Src/stm32g0xx_hal_uart_ex.o
                0x0000000008004364                HAL_UARTEx_DisableFifoMode
 .text.HAL_UARTEx_SetTxFifoThreshold
                0x000000000800439c       0x42 Drivers/STM32G0xx_HAL_Driver/Src/stm32g0xx_hal_uart_ex.o
                0x000000000800439c                HAL_UARTEx_SetTxFifoThreshold
 *fill*         0x00000000080043de        0x2 
 .text.HAL_UARTEx_SetRxFifoThreshold
                0x00000000080043e0       0x48 Drivers/STM32G0xx_HAL_Driver/Src/stm32g0xx_hal_uart_ex.o
                0x00000000080043e0                HAL_UARTEx_SetRxFifoThreshold
 .text.SystemClock_Config
                0x0000000008004428       0x66 Src/main.o
                0x0000000008004428                SystemClock_Config
 *fill*         0x000000000800448e        0x2 
 .text.startup.main
                0x0000000008004490      0x1f0 Src/main.o
                0x0000000008004490                main
 .text.__io_putchar
                0x0000000008004680       0x1c Src/main.o
                0x0000000008004680                __io_putchar
 .text._write   0x000000000800469c       0x1c Src/main.o
                0x000000000800469c                _write
 .text.HAL_MspInit
                0x00000000080046b8       0x40 Src/stm32g0xx_hal_msp.o
                0x00000000080046b8                HAL_MspInit
 .text.HAL_I2C_MspInit
                0x00000000080046f8       0x68 Src/stm32g0xx_hal_msp.o
                0x00000000080046f8                HAL_I2C_MspInit
 .text.HAL_UART_MspInit
                0x0000000008004760       0x6c Src/stm32g0xx_hal_msp.o
                0x0000000008004760                HAL_UART_MspInit
 .text.NMI_Handler
                0x00000000080047cc        0x2 Src/stm32g0xx_it.o
                0x00000000080047cc                NMI_Handler
 .text.HardFault_Handler
                0x00000000080047ce        0x2 Src/stm32g0xx_it.o
                0x00000000080047ce                HardFault_Handler
 .text.SVC_Handler
                0x00000000080047d0        0x2 Src/stm32g0xx_it.o
                0x00000000080047d0                SVC_Handler
 .text.PendSV_Handler
                0x00000000080047d2        0x2 Src/stm32g0xx_it.o
                0x00000000080047d2                PendSV_Handler
 .text.SysTick_Handler
                0x00000000080047d4        0x8 Src/stm32g0xx_it.o
                0x00000000080047d4                SysTick_Handler
 .text.USART2_IRQHandler
                0x00000000080047dc       0x10 Src/stm32g0xx_it.o
                0x00000000080047dc                USART2_IRQHandler
 .text._read    0x00000000080047ec       0x1c Src/syscalls.o
                0x00000000080047ec                _read
 .text._sbrk    0x0000000008004808       0x34 Src/syscalls.o
                0x0000000008004808                _sbrk
 .text._close   0x000000000800483c        0x6 Src/syscalls.o
                0x000000000800483c                _close
 .text._fstat   0x0000000008004842        0xa Src/syscalls.o
                0x0000000008004842                _fstat
 .text._isatty  0x000000000800484c        0x4 Src/syscalls.o
                0x000000000800484c                _isatty
 .text._lseek   0x0000000008004850        0x4 Src/syscalls.o
                0x0000000008004850                _lseek
 .text.SystemInit
                0x0000000008004854       0x10 Src/system_stm32g0xx.o
                0x0000000008004854                SystemInit
 .text.Reset_Handler
                0x0000000008004864       0x50 startup/startup_stm32g071xx.o
                0x0000000008004864                Reset_Handler
 .text.Default_Handler
                0x00000000080048b4        0x2 startup/startup_stm32g071xx.o
                0x00000000080048b4                USART3_4_LPUART1_IRQHandler
                0x00000000080048b4                TIM1_CC_IRQHandler
                0x00000000080048b4                ADC1_COMP_IRQHandler
                0x00000000080048b4                PVD_IRQHandler
                0x00000000080048b4                I2C1_IRQHandler
                0x00000000080048b4                TIM7_LPTIM2_IRQHandler
                0x00000000080048b4                RTC_TAMP_IRQHandler
                0x00000000080048b4                SPI1_IRQHandler
                0x00000000080048b4                EXTI2_3_IRQHandler
                0x00000000080048b4                I2C2_IRQHandler
                0x00000000080048b4                TIM17_IRQHandler
                0x00000000080048b4                TIM16_IRQHandler
                0x00000000080048b4                TIM3_IRQHandler
                0x00000000080048b4                EXTI4_15_IRQHandler
                0x00000000080048b4                RCC_IRQHandler
                0x00000000080048b4                DMA1_Channel1_IRQHandler
                0x00000000080048b4                Default_Handler
                0x00000000080048b4                CEC_IRQHandler
                0x00000000080048b4                TIM14_IRQHandler
                0x00000000080048b4                TIM15_IRQHandler
                0x00000000080048b4                EXTI0_1_IRQHandler
                0x00000000080048b4                SPI2_IRQHandler
                0x00000000080048b4                TIM6_DAC_LPTIM1_IRQHandler
                0x00000000080048b4                WWDG_IRQHandler
                0x00000000080048b4                TIM2_IRQHandler
                0x00000000080048b4                DMA1_Ch4_7_DMAMUX1_OVR_IRQHandler
                0x00000000080048b4                DMA1_Channel2_3_IRQHandler
                0x00000000080048b4                UCPD1_2_IRQHandler
                0x00000000080048b4                FLASH_IRQHandler
                0x00000000080048b4                USART1_IRQHandler
                0x00000000080048b4                TIM1_BRK_UP_TRG_COM_IRQHandler
 *fill*         0x00000000080048b6        0x2 
 .text.__errno  0x00000000080048b8        0xc /opt/Atollic_TrueSTUDIO_for_STM32_x86_64_9.3.0/ARMTools/bin/../lib/gcc/arm-atollic-eabi/6.3.1/../../../../arm-atollic-eabi/lib/armv6-m/libc_nano.a(lib_a-errno.o)
                0x00000000080048b8                __errno
 .text.__libc_init_array
                0x00000000080048c4       0x48 /opt/Atollic_TrueSTUDIO_for_STM32_x86_64_9.3.0/ARMTools/bin/../lib/gcc/arm-atollic-eabi/6.3.1/../../../../arm-atollic-eabi/lib/armv6-m/libc_nano.a(lib_a-init.o)
                0x00000000080048c4                __libc_init_array
 .text.memset   0x000000000800490c       0x10 /opt/Atollic_TrueSTUDIO_for_STM32_x86_64_9.3.0/ARMTools/bin/../lib/gcc/arm-atollic-eabi/6.3.1/../../../../arm-atollic-eabi/lib/armv6-m/libc_nano.a(lib_a-memset.o)
                0x000000000800490c                memset
 .text.__cvt    0x000000000800491c       0xc8 /opt/Atollic_TrueSTUDIO_for_STM32_x86_64_9.3.0/ARMTools/bin/../lib/gcc/arm-atollic-eabi/6.3.1/../../../../arm-atollic-eabi/lib/armv6-m/libc_nano.a(lib_a-nano-vfprintf_float.o)
                0x000000000800491c                __cvt
 .text.__exponent
                0x00000000080049e4       0x70 /opt/Atollic_TrueSTUDIO_for_STM32_x86_64_9.3.0/ARMTools/bin/../lib/gcc/arm-atollic-eabi/6.3.1/../../../../arm-atollic-eabi/lib/armv6-m/libc_nano.a(lib_a-nano-vfprintf_float.o)
                0x00000000080049e4                __exponent
 .text._printf_float
                0x0000000008004a54      0x498 /opt/Atollic_TrueSTUDIO_for_STM32_x86_64_9.3.0/ARMTools/bin/../lib/gcc/arm-atollic-eabi/6.3.1/../../../../arm-atollic-eabi/lib/armv6-m/libc_nano.a(lib_a-nano-vfprintf_float.o)
                0x0000000008004a54                _printf_float
 .text._printf_common
                0x0000000008004eec       0xda /opt/Atollic_TrueSTUDIO_for_STM32_x86_64_9.3.0/ARMTools/bin/../lib/gcc/arm-atollic-eabi/6.3.1/../../../../arm-atollic-eabi/lib/armv6-m/libc_nano.a(lib_a-nano-vfprintf_i.o)
                0x0000000008004eec                _printf_common
 *fill*         0x0000000008004fc6        0x2 
 .text._printf_i
                0x0000000008004fc8      0x234 /opt/Atollic_TrueSTUDIO_for_STM32_x86_64_9.3.0/ARMTools/bin/../lib/gcc/arm-atollic-eabi/6.3.1/../../../../arm-atollic-eabi/lib/armv6-m/libc_nano.a(lib_a-nano-vfprintf_i.o)
                0x0000000008004fc8                _printf_i
 .text.printf   0x00000000080051fc       0x34 /opt/Atollic_TrueSTUDIO_for_STM32_x86_64_9.3.0/ARMTools/bin/../lib/gcc/arm-atollic-eabi/6.3.1/../../../../arm-atollic-eabi/lib/armv6-m/libc_nano.a(lib_a-printf.o)
                0x00000000080051fc                printf
                0x00000000080051fc                iprintf
 .text._puts_r  0x0000000008005230       0xc0 /opt/Atollic_TrueSTUDIO_for_STM32_x86_64_9.3.0/ARMTools/bin/../lib/gcc/arm-atollic-eabi/6.3.1/../../../../arm-atollic-eabi/lib/armv6-m/libc_nano.a(lib_a-puts.o)
                0x0000000008005230                _puts_r
 .text.puts     0x00000000080052f0       0x14 /opt/Atollic_TrueSTUDIO_for_STM32_x86_64_9.3.0/ARMTools/bin/../lib/gcc/arm-atollic-eabi/6.3.1/../../../../arm-atollic-eabi/lib/armv6-m/libc_nano.a(lib_a-puts.o)
                0x00000000080052f0                puts
 .text.__swbuf_r
                0x0000000008005304       0xac /opt/Atollic_TrueSTUDIO_for_STM32_x86_64_9.3.0/ARMTools/bin/../lib/gcc/arm-atollic-eabi/6.3.1/../../../../arm-atollic-eabi/lib/armv6-m/libc_nano.a(lib_a-wbuf.o)
                0x0000000008005304                __swbuf_r
 .text.__swsetup_r
                0x00000000080053b0       0xec /opt/Atollic_TrueSTUDIO_for_STM32_x86_64_9.3.0/ARMTools/bin/../lib/gcc/arm-atollic-eabi/6.3.1/../../../../arm-atollic-eabi/lib/armv6-m/libc_nano.a(lib_a-wsetup.o)
                0x00000000080053b0                __swsetup_r
 .text.quorem   0x000000000800549c      0x108 /opt/Atollic_TrueSTUDIO_for_STM32_x86_64_9.3.0/ARMTools/bin/../lib/gcc/arm-atollic-eabi/6.3.1/../../../../arm-atollic-eabi/lib/armv6-m/libc_nano.a(lib_a-dtoa.o)
 .text._dtoa_r  0x00000000080055a4      0xbd0 /opt/Atollic_TrueSTUDIO_for_STM32_x86_64_9.3.0/ARMTools/bin/../lib/gcc/arm-atollic-eabi/6.3.1/../../../../arm-atollic-eabi/lib/armv6-m/libc_nano.a(lib_a-dtoa.o)
                0x00000000080055a4                _dtoa_r
 .text.__sflush_r
                0x0000000008006174      0x114 /opt/Atollic_TrueSTUDIO_for_STM32_x86_64_9.3.0/ARMTools/bin/../lib/gcc/arm-atollic-eabi/6.3.1/../../../../arm-atollic-eabi/lib/armv6-m/libc_nano.a(lib_a-fflush.o)
                0x0000000008006174                __sflush_r
 .text._fflush_r
                0x0000000008006288       0x58 /opt/Atollic_TrueSTUDIO_for_STM32_x86_64_9.3.0/ARMTools/bin/../lib/gcc/arm-atollic-eabi/6.3.1/../../../../arm-atollic-eabi/lib/armv6-m/libc_nano.a(lib_a-fflush.o)
                0x0000000008006288                _fflush_r
 .text._cleanup_r
                0x00000000080062e0       0x10 /opt/Atollic_TrueSTUDIO_for_STM32_x86_64_9.3.0/ARMTools/bin/../lib/gcc/arm-atollic-eabi/6.3.1/../../../../arm-atollic-eabi/lib/armv6-m/libc_nano.a(lib_a-findfp.o)
                0x00000000080062e0                _cleanup_r
 .text.std.isra.0
                0x00000000080062f0       0x48 /opt/Atollic_TrueSTUDIO_for_STM32_x86_64_9.3.0/ARMTools/bin/../lib/gcc/arm-atollic-eabi/6.3.1/../../../../arm-atollic-eabi/lib/armv6-m/libc_nano.a(lib_a-findfp.o)
 .text.__sfmoreglue
                0x0000000008006338       0x2c /opt/Atollic_TrueSTUDIO_for_STM32_x86_64_9.3.0/ARMTools/bin/../lib/gcc/arm-atollic-eabi/6.3.1/../../../../arm-atollic-eabi/lib/armv6-m/libc_nano.a(lib_a-findfp.o)
                0x0000000008006338                __sfmoreglue
 .text.__sinit  0x0000000008006364       0x68 /opt/Atollic_TrueSTUDIO_for_STM32_x86_64_9.3.0/ARMTools/bin/../lib/gcc/arm-atollic-eabi/6.3.1/../../../../arm-atollic-eabi/lib/armv6-m/libc_nano.a(lib_a-findfp.o)
                0x0000000008006364                __sinit
 .text.__sfp    0x00000000080063cc       0x80 /opt/Atollic_TrueSTUDIO_for_STM32_x86_64_9.3.0/ARMTools/bin/../lib/gcc/arm-atollic-eabi/6.3.1/../../../../arm-atollic-eabi/lib/armv6-m/libc_nano.a(lib_a-findfp.o)
                0x00000000080063cc                __sfp
 .text._fwalk_reent
                0x000000000800644c       0x42 /opt/Atollic_TrueSTUDIO_for_STM32_x86_64_9.3.0/ARMTools/bin/../lib/gcc/arm-atollic-eabi/6.3.1/../../../../arm-atollic-eabi/lib/armv6-m/libc_nano.a(lib_a-fwalk.o)
                0x000000000800644c                _fwalk_reent
 *fill*         0x000000000800648e        0x2 
 .text._localeconv_r
                0x0000000008006490       0x18 /opt/Atollic_TrueSTUDIO_for_STM32_x86_64_9.3.0/ARMTools/bin/../lib/gcc/arm-atollic-eabi/6.3.1/../../../../arm-atollic-eabi/lib/armv6-m/libc_nano.a(lib_a-localeconv.o)
                0x0000000008006490                _localeconv_r
 .text.__swhatbuf_r
                0x00000000080064a8       0x50 /opt/Atollic_TrueSTUDIO_for_STM32_x86_64_9.3.0/ARMTools/bin/../lib/gcc/arm-atollic-eabi/6.3.1/../../../../arm-atollic-eabi/lib/armv6-m/libc_nano.a(lib_a-makebuf.o)
                0x00000000080064a8                __swhatbuf_r
 .text.__smakebuf_r
                0x00000000080064f8       0x88 /opt/Atollic_TrueSTUDIO_for_STM32_x86_64_9.3.0/ARMTools/bin/../lib/gcc/arm-atollic-eabi/6.3.1/../../../../arm-atollic-eabi/lib/armv6-m/libc_nano.a(lib_a-makebuf.o)
                0x00000000080064f8                __smakebuf_r
 .text.malloc   0x0000000008006580       0x14 /opt/Atollic_TrueSTUDIO_for_STM32_x86_64_9.3.0/ARMTools/bin/../lib/gcc/arm-atollic-eabi/6.3.1/../../../../arm-atollic-eabi/lib/armv6-m/libc_nano.a(lib_a-malloc.o)
                0x0000000008006580                malloc
 .text.memchr   0x0000000008006594       0x16 /opt/Atollic_TrueSTUDIO_for_STM32_x86_64_9.3.0/ARMTools/bin/../lib/gcc/arm-atollic-eabi/6.3.1/../../../../arm-atollic-eabi/lib/armv6-m/libc_nano.a(lib_a-memchr-stub.o)
                0x0000000008006594                memchr
 .text.memcpy   0x00000000080065aa       0x12 /opt/Atollic_TrueSTUDIO_for_STM32_x86_64_9.3.0/ARMTools/bin/../lib/gcc/arm-atollic-eabi/6.3.1/../../../../arm-atollic-eabi/lib/armv6-m/libc_nano.a(lib_a-memcpy-stub.o)
                0x00000000080065aa                memcpy
 .text._Balloc  0x00000000080065bc       0x70 /opt/Atollic_TrueSTUDIO_for_STM32_x86_64_9.3.0/ARMTools/bin/../lib/gcc/arm-atollic-eabi/6.3.1/../../../../arm-atollic-eabi/lib/armv6-m/libc_nano.a(lib_a-mprec.o)
                0x00000000080065bc                _Balloc
 .text._Bfree   0x000000000800662c       0x32 /opt/Atollic_TrueSTUDIO_for_STM32_x86_64_9.3.0/ARMTools/bin/../lib/gcc/arm-atollic-eabi/6.3.1/../../../../arm-atollic-eabi/lib/armv6-m/libc_nano.a(lib_a-mprec.o)
                0x000000000800662c                _Bfree
 .text.__multadd
                0x000000000800665e       0x78 /opt/Atollic_TrueSTUDIO_for_STM32_x86_64_9.3.0/ARMTools/bin/../lib/gcc/arm-atollic-eabi/6.3.1/../../../../arm-atollic-eabi/lib/armv6-m/libc_nano.a(lib_a-mprec.o)
                0x000000000800665e                __multadd
 .text.__hi0bits
                0x00000000080066d6       0x34 /opt/Atollic_TrueSTUDIO_for_STM32_x86_64_9.3.0/ARMTools/bin/../lib/gcc/arm-atollic-eabi/6.3.1/../../../../arm-atollic-eabi/lib/armv6-m/libc_nano.a(lib_a-mprec.o)
                0x00000000080066d6                __hi0bits
 .text.__lo0bits
                0x000000000800670a       0x5e /opt/Atollic_TrueSTUDIO_for_STM32_x86_64_9.3.0/ARMTools/bin/../lib/gcc/arm-atollic-eabi/6.3.1/../../../../arm-atollic-eabi/lib/armv6-m/libc_nano.a(lib_a-mprec.o)
                0x000000000800670a                __lo0bits
 .text.__i2b    0x0000000008006768       0x12 /opt/Atollic_TrueSTUDIO_for_STM32_x86_64_9.3.0/ARMTools/bin/../lib/gcc/arm-atollic-eabi/6.3.1/../../../../arm-atollic-eabi/lib/armv6-m/libc_nano.a(lib_a-mprec.o)
                0x0000000008006768                __i2b
 .text.__multiply
                0x000000000800677a      0x11e /opt/Atollic_TrueSTUDIO_for_STM32_x86_64_9.3.0/ARMTools/bin/../lib/gcc/arm-atollic-eabi/6.3.1/../../../../arm-atollic-eabi/lib/armv6-m/libc_nano.a(lib_a-mprec.o)
                0x000000000800677a                __multiply
 .text.__pow5mult
                0x0000000008006898       0xa4 /opt/Atollic_TrueSTUDIO_for_STM32_x86_64_9.3.0/ARMTools/bin/../lib/gcc/arm-atollic-eabi/6.3.1/../../../../arm-atollic-eabi/lib/armv6-m/libc_nano.a(lib_a-mprec.o)
                0x0000000008006898                __pow5mult
 .text.__lshift
                0x000000000800693c       0xa2 /opt/Atollic_TrueSTUDIO_for_STM32_x86_64_9.3.0/ARMTools/bin/../lib/gcc/arm-atollic-eabi/6.3.1/../../../../arm-atollic-eabi/lib/armv6-m/libc_nano.a(lib_a-mprec.o)
                0x000000000800693c                __lshift
 .text.__mcmp   0x00000000080069de       0x32 /opt/Atollic_TrueSTUDIO_for_STM32_x86_64_9.3.0/ARMTools/bin/../lib/gcc/arm-atollic-eabi/6.3.1/../../../../arm-atollic-eabi/lib/armv6-m/libc_nano.a(lib_a-mprec.o)
                0x00000000080069de                __mcmp
 .text.__mdiff  0x0000000008006a10       0xc8 /opt/Atollic_TrueSTUDIO_for_STM32_x86_64_9.3.0/ARMTools/bin/../lib/gcc/arm-atollic-eabi/6.3.1/../../../../arm-atollic-eabi/lib/armv6-m/libc_nano.a(lib_a-mprec.o)
                0x0000000008006a10                __mdiff
 .text.__d2b    0x0000000008006ad8       0xa8 /opt/Atollic_TrueSTUDIO_for_STM32_x86_64_9.3.0/ARMTools/bin/../lib/gcc/arm-atollic-eabi/6.3.1/../../../../arm-atollic-eabi/lib/armv6-m/libc_nano.a(lib_a-mprec.o)
                0x0000000008006ad8                __d2b
 .text._calloc_r
                0x0000000008006b80       0x1c /opt/Atollic_TrueSTUDIO_for_STM32_x86_64_9.3.0/ARMTools/bin/../lib/gcc/arm-atollic-eabi/6.3.1/../../../../arm-atollic-eabi/lib/armv6-m/libc_nano.a(lib_a-nano-callocr.o)
                0x0000000008006b80                _calloc_r
 .text._free_r  0x0000000008006b9c       0x94 /opt/Atollic_TrueSTUDIO_for_STM32_x86_64_9.3.0/ARMTools/bin/../lib/gcc/arm-atollic-eabi/6.3.1/../../../../arm-atollic-eabi/lib/armv6-m/libc_nano.a(lib_a-nano-freer.o)
                0x0000000008006b9c                _free_r
 .text._malloc_r
                0x0000000008006c30       0xbc /opt/Atollic_TrueSTUDIO_for_STM32_x86_64_9.3.0/ARMTools/bin/../lib/gcc/arm-atollic-eabi/6.3.1/../../../../arm-atollic-eabi/lib/armv6-m/libc_nano.a(lib_a-nano-mallocr.o)
                0x0000000008006c30                _malloc_r
 .text.__sfputc_r
                0x0000000008006cec       0x2a /opt/Atollic_TrueSTUDIO_for_STM32_x86_64_9.3.0/ARMTools/bin/../lib/gcc/arm-atollic-eabi/6.3.1/../../../../arm-atollic-eabi/lib/armv6-m/libc_nano.a(lib_a-nano-vfprintf.o)
 .text.__sfputs_r
                0x0000000008006d16       0x24 /opt/Atollic_TrueSTUDIO_for_STM32_x86_64_9.3.0/ARMTools/bin/../lib/gcc/arm-atollic-eabi/6.3.1/../../../../arm-atollic-eabi/lib/armv6-m/libc_nano.a(lib_a-nano-vfprintf.o)
                0x0000000008006d16                __sfputs_r
 *fill*         0x0000000008006d3a        0x2 
 .text._vfprintf_r
                0x0000000008006d3c      0x238 /opt/Atollic_TrueSTUDIO_for_STM32_x86_64_9.3.0/ARMTools/bin/../lib/gcc/arm-atollic-eabi/6.3.1/../../../../arm-atollic-eabi/lib/armv6-m/libc_nano.a(lib_a-nano-vfprintf.o)
                0x0000000008006d3c                _vfiprintf_r
                0x0000000008006d3c                _vfprintf_r
 .text._sbrk_r  0x0000000008006f74       0x24 /opt/Atollic_TrueSTUDIO_for_STM32_x86_64_9.3.0/ARMTools/bin/../lib/gcc/arm-atollic-eabi/6.3.1/../../../../arm-atollic-eabi/lib/armv6-m/libc_nano.a(lib_a-sbrkr.o)
                0x0000000008006f74                _sbrk_r
 .text.__sread  0x0000000008006f98       0x28 /opt/Atollic_TrueSTUDIO_for_STM32_x86_64_9.3.0/ARMTools/bin/../lib/gcc/arm-atollic-eabi/6.3.1/../../../../arm-atollic-eabi/lib/armv6-m/libc_nano.a(lib_a-stdio.o)
                0x0000000008006f98                __sread
 .text.__swrite
                0x0000000008006fc0       0x38 /opt/Atollic_TrueSTUDIO_for_STM32_x86_64_9.3.0/ARMTools/bin/../lib/gcc/arm-atollic-eabi/6.3.1/../../../../arm-atollic-eabi/lib/armv6-m/libc_nano.a(lib_a-stdio.o)
                0x0000000008006fc0                __swrite
 .text.__sseek  0x0000000008006ff8       0x2c /opt/Atollic_TrueSTUDIO_for_STM32_x86_64_9.3.0/ARMTools/bin/../lib/gcc/arm-atollic-eabi/6.3.1/../../../../arm-atollic-eabi/lib/armv6-m/libc_nano.a(lib_a-stdio.o)
                0x0000000008006ff8                __sseek
 .text.__sclose
                0x0000000008007024        0xc /opt/Atollic_TrueSTUDIO_for_STM32_x86_64_9.3.0/ARMTools/bin/../lib/gcc/arm-atollic-eabi/6.3.1/../../../../arm-atollic-eabi/lib/armv6-m/libc_nano.a(lib_a-stdio.o)
                0x0000000008007024                __sclose
 .text._write_r
                0x0000000008007030       0x28 /opt/Atollic_TrueSTUDIO_for_STM32_x86_64_9.3.0/ARMTools/bin/../lib/gcc/arm-atollic-eabi/6.3.1/../../../../arm-atollic-eabi/lib/armv6-m/libc_nano.a(lib_a-writer.o)
                0x0000000008007030                _write_r
 .text._close_r
                0x0000000008007058       0x24 /opt/Atollic_TrueSTUDIO_for_STM32_x86_64_9.3.0/ARMTools/bin/../lib/gcc/arm-atollic-eabi/6.3.1/../../../../arm-atollic-eabi/lib/armv6-m/libc_nano.a(lib_a-closer.o)
                0x0000000008007058                _close_r
 .text._fstat_r
                0x000000000800707c       0x24 /opt/Atollic_TrueSTUDIO_for_STM32_x86_64_9.3.0/ARMTools/bin/../lib/gcc/arm-atollic-eabi/6.3.1/../../../../arm-atollic-eabi/lib/armv6-m/libc_nano.a(lib_a-fstatr.o)
                0x000000000800707c                _fstat_r
 .text._isatty_r
                0x00000000080070a0       0x24 /opt/Atollic_TrueSTUDIO_for_STM32_x86_64_9.3.0/ARMTools/bin/../lib/gcc/arm-atollic-eabi/6.3.1/../../../../arm-atollic-eabi/lib/armv6-m/libc_nano.a(lib_a-isattyr.o)
                0x00000000080070a0                _isatty_r
 .text._lseek_r
                0x00000000080070c4       0x28 /opt/Atollic_TrueSTUDIO_for_STM32_x86_64_9.3.0/ARMTools/bin/../lib/gcc/arm-atollic-eabi/6.3.1/../../../../arm-atollic-eabi/lib/armv6-m/libc_nano.a(lib_a-lseekr.o)
                0x00000000080070c4                _lseek_r
 .text.__ascii_mbtowc
                0x00000000080070ec       0x24 /opt/Atollic_TrueSTUDIO_for_STM32_x86_64_9.3.0/ARMTools/bin/../lib/gcc/arm-atollic-eabi/6.3.1/../../../../arm-atollic-eabi/lib/armv6-m/libc_nano.a(lib_a-mbtowc_r.o)
                0x00000000080070ec                __ascii_mbtowc
 .text.__malloc_lock
                0x0000000008007110        0x2 /opt/Atollic_TrueSTUDIO_for_STM32_x86_64_9.3.0/ARMTools/bin/../lib/gcc/arm-atollic-eabi/6.3.1/../../../../arm-atollic-eabi/lib/armv6-m/libc_nano.a(lib_a-mlock.o)
                0x0000000008007110                __malloc_lock
 .text.__malloc_unlock
                0x0000000008007112        0x2 /opt/Atollic_TrueSTUDIO_for_STM32_x86_64_9.3.0/ARMTools/bin/../lib/gcc/arm-atollic-eabi/6.3.1/../../../../arm-atollic-eabi/lib/armv6-m/libc_nano.a(lib_a-mlock.o)
                0x0000000008007112                __malloc_unlock
 .text._read_r  0x0000000008007114       0x28 /opt/Atollic_TrueSTUDIO_for_STM32_x86_64_9.3.0/ARMTools/bin/../lib/gcc/arm-atollic-eabi/6.3.1/../../../../arm-atollic-eabi/lib/armv6-m/libc_nano.a(lib_a-readr.o)
                0x0000000008007114                _read_r
 .text.__ascii_wctomb
                0x000000000800713c       0x18 /opt/Atollic_TrueSTUDIO_for_STM32_x86_64_9.3.0/ARMTools/bin/../lib/gcc/arm-atollic-eabi/6.3.1/../../../../arm-atollic-eabi/lib/armv6-m/libc_nano.a(lib_a-wctomb_r.o)
                0x000000000800713c                __ascii_wctomb
 *(.glue_7)
 .glue_7        0x0000000008007154        0x0 linker stubs
 *(.glue_7t)
 .glue_7t       0x0000000008007154        0x0 linker stubs
 *(.eh_frame)
 .eh_frame      0x0000000008007154        0x0 /opt/Atollic_TrueSTUDIO_for_STM32_x86_64_9.3.0/ARMTools/bin/../lib/gcc/arm-atollic-eabi/6.3.1/armv6-m/crtbegin.o
 *(.init)
 .init          0x0000000008007154        0x4 /opt/Atollic_TrueSTUDIO_for_STM32_x86_64_9.3.0/ARMTools/bin/../lib/gcc/arm-atollic-eabi/6.3.1/armv6-m/crti.o
                0x0000000008007154                _init
 .init          0x0000000008007158        0x8 /opt/Atollic_TrueSTUDIO_for_STM32_x86_64_9.3.0/ARMTools/bin/../lib/gcc/arm-atollic-eabi/6.3.1/armv6-m/crtn.o
 *(.fini)
 .fini          0x0000000008007160        0x4 /opt/Atollic_TrueSTUDIO_for_STM32_x86_64_9.3.0/ARMTools/bin/../lib/gcc/arm-atollic-eabi/6.3.1/armv6-m/crti.o
                0x0000000008007160                _fini
 .fini          0x0000000008007164        0x8 /opt/Atollic_TrueSTUDIO_for_STM32_x86_64_9.3.0/ARMTools/bin/../lib/gcc/arm-atollic-eabi/6.3.1/armv6-m/crtn.o
                0x000000000800716c                . = ALIGN (0x4)
                0x000000000800716c                _etext = .

.vfp11_veneer   0x000000000800716c        0x0
 .vfp11_veneer  0x000000000800716c        0x0 linker stubs

.v4_bx          0x000000000800716c        0x0
 .v4_bx         0x000000000800716c        0x0 linker stubs

.iplt           0x000000000800716c        0x0
 .iplt          0x000000000800716c        0x0 /opt/Atollic_TrueSTUDIO_for_STM32_x86_64_9.3.0/ARMTools/bin/../lib/gcc/arm-atollic-eabi/6.3.1/armv6-m/crtbegin.o

.rodata         0x0000000008007170      0x420
                0x0000000008007170                . = ALIGN (0x4)
 *(.rodata)
 .rodata        0x0000000008007170       0x40 /opt/Atollic_TrueSTUDIO_for_STM32_x86_64_9.3.0/ARMTools/bin/../lib/gcc/arm-atollic-eabi/6.3.1/armv6-m/libgcc.a(divdf3.o)
 .rodata        0x00000000080071b0       0x40 /opt/Atollic_TrueSTUDIO_for_STM32_x86_64_9.3.0/ARMTools/bin/../lib/gcc/arm-atollic-eabi/6.3.1/armv6-m/libgcc.a(muldf3.o)
 *(.rodata*)
 .rodata.CSWTCH.256
                0x00000000080071f0        0x4 Drivers/STM32G0xx_HAL_Driver/Src/stm32g0xx_hal_uart.o
 .rodata.CSWTCH.257
                0x00000000080071f4        0xd Drivers/STM32G0xx_HAL_Driver/Src/stm32g0xx_hal_uart.o
 .rodata.main.str1.1
                0x0000000008007201       0x6e Src/main.o
 *fill*         0x000000000800726f        0x1 
 .rodata.AHBPrescTable
                0x0000000008007270       0x40 Src/system_stm32g0xx.o
                0x0000000008007270                AHBPrescTable
 .rodata.APBPrescTable
                0x00000000080072b0       0x20 Src/system_stm32g0xx.o
                0x00000000080072b0                APBPrescTable
 .rodata._global_impure_ptr
                0x00000000080072d0        0x4 /opt/Atollic_TrueSTUDIO_for_STM32_x86_64_9.3.0/ARMTools/bin/../lib/gcc/arm-atollic-eabi/6.3.1/../../../../arm-atollic-eabi/lib/armv6-m/libc_nano.a(lib_a-impure.o)
                0x00000000080072d0                _global_impure_ptr
 .rodata._printf_float.str1.1
                0x00000000080072d4       0x12 /opt/Atollic_TrueSTUDIO_for_STM32_x86_64_9.3.0/ARMTools/bin/../lib/gcc/arm-atollic-eabi/6.3.1/../../../../arm-atollic-eabi/lib/armv6-m/libc_nano.a(lib_a-nano-vfprintf_float.o)
 .rodata._printf_i.str1.1
                0x00000000080072e6       0x22 /opt/Atollic_TrueSTUDIO_for_STM32_x86_64_9.3.0/ARMTools/bin/../lib/gcc/arm-atollic-eabi/6.3.1/../../../../arm-atollic-eabi/lib/armv6-m/libc_nano.a(lib_a-nano-vfprintf_i.o)
 .rodata._dtoa_r.str1.1
                0x0000000008007308        0xd /opt/Atollic_TrueSTUDIO_for_STM32_x86_64_9.3.0/ARMTools/bin/../lib/gcc/arm-atollic-eabi/6.3.1/../../../../arm-atollic-eabi/lib/armv6-m/libc_nano.a(lib_a-dtoa.o)
                                          0xf (size before relaxing)
 *fill*         0x0000000008007315        0x3 
 .rodata.__sf_fake_stderr
                0x0000000008007318       0x20 /opt/Atollic_TrueSTUDIO_for_STM32_x86_64_9.3.0/ARMTools/bin/../lib/gcc/arm-atollic-eabi/6.3.1/../../../../arm-atollic-eabi/lib/armv6-m/libc_nano.a(lib_a-findfp.o)
                0x0000000008007318                __sf_fake_stderr
 .rodata.__sf_fake_stdin
                0x0000000008007338       0x20 /opt/Atollic_TrueSTUDIO_for_STM32_x86_64_9.3.0/ARMTools/bin/../lib/gcc/arm-atollic-eabi/6.3.1/../../../../arm-atollic-eabi/lib/armv6-m/libc_nano.a(lib_a-findfp.o)
                0x0000000008007338                __sf_fake_stdin
 .rodata.__sf_fake_stdout
                0x0000000008007358       0x20 /opt/Atollic_TrueSTUDIO_for_STM32_x86_64_9.3.0/ARMTools/bin/../lib/gcc/arm-atollic-eabi/6.3.1/../../../../arm-atollic-eabi/lib/armv6-m/libc_nano.a(lib_a-findfp.o)
                0x0000000008007358                __sf_fake_stdout
 .rodata.__mprec_bigtens
                0x0000000008007378       0x28 /opt/Atollic_TrueSTUDIO_for_STM32_x86_64_9.3.0/ARMTools/bin/../lib/gcc/arm-atollic-eabi/6.3.1/../../../../arm-atollic-eabi/lib/armv6-m/libc_nano.a(lib_a-mprec.o)
                0x0000000008007378                __mprec_bigtens
 .rodata.__mprec_tens
                0x00000000080073a0       0xc8 /opt/Atollic_TrueSTUDIO_for_STM32_x86_64_9.3.0/ARMTools/bin/../lib/gcc/arm-atollic-eabi/6.3.1/../../../../arm-atollic-eabi/lib/armv6-m/libc_nano.a(lib_a-mprec.o)
                0x00000000080073a0                __mprec_tens
 .rodata.p05.6052
                0x0000000008007468        0xc /opt/Atollic_TrueSTUDIO_for_STM32_x86_64_9.3.0/ARMTools/bin/../lib/gcc/arm-atollic-eabi/6.3.1/../../../../arm-atollic-eabi/lib/armv6-m/libc_nano.a(lib_a-mprec.o)
 .rodata._vfprintf_r.str1.1
                0x0000000008007474       0x11 /opt/Atollic_TrueSTUDIO_for_STM32_x86_64_9.3.0/ARMTools/bin/../lib/gcc/arm-atollic-eabi/6.3.1/../../../../arm-atollic-eabi/lib/armv6-m/libc_nano.a(lib_a-nano-vfprintf.o)
 .rodata._setlocale_r.str1.1
                0x0000000008007485        0x8 /opt/Atollic_TrueSTUDIO_for_STM32_x86_64_9.3.0/ARMTools/bin/../lib/gcc/arm-atollic-eabi/6.3.1/../../../../arm-atollic-eabi/lib/armv6-m/libc_nano.a(lib_a-locale.o)
                                          0x9 (size before relaxing)
 .rodata.str1.1
                0x000000000800748d        0x2 /opt/Atollic_TrueSTUDIO_for_STM32_x86_64_9.3.0/ARMTools/bin/../lib/gcc/arm-atollic-eabi/6.3.1/../../../../arm-atollic-eabi/lib/armv6-m/libc_nano.a(lib_a-locale.o)
 .rodata._ctype_
                0x000000000800748f      0x101 /opt/Atollic_TrueSTUDIO_for_STM32_x86_64_9.3.0/ARMTools/bin/../lib/gcc/arm-atollic-eabi/6.3.1/../../../../arm-atollic-eabi/lib/armv6-m/libc_nano.a(lib_a-ctype_.o)
                0x000000000800748f                _ctype_
                0x0000000008007590                . = ALIGN (0x4)

.ARM.extab
 *(.ARM.extab* .gnu.linkonce.armextab.*)

.ARM            0x0000000008007590        0x8
                0x0000000008007590                __exidx_start = .
 *(.ARM.exidx*)
 .ARM.exidx     0x0000000008007590        0x8 /opt/Atollic_TrueSTUDIO_for_STM32_x86_64_9.3.0/ARMTools/bin/../lib/gcc/arm-atollic-eabi/6.3.1/armv6-m/libgcc.a(_udivmoddi4.o)
                0x0000000008007598                __exidx_end = .

.rel.dyn        0x0000000008007598        0x0
 .rel.iplt      0x0000000008007598        0x0 /opt/Atollic_TrueSTUDIO_for_STM32_x86_64_9.3.0/ARMTools/bin/../lib/gcc/arm-atollic-eabi/6.3.1/armv6-m/crtbegin.o

.preinit_array  0x0000000008007598        0x0
                0x0000000008007598                PROVIDE (__preinit_array_start, .)
 *(.preinit_array*)
                0x0000000008007598                PROVIDE (__preinit_array_end, .)

.init_array     0x0000000008007598        0x4
                0x0000000008007598                PROVIDE (__init_array_start, .)
 *(SORT(.init_array.*))
 *(.init_array*)
 .init_array    0x0000000008007598        0x4 /opt/Atollic_TrueSTUDIO_for_STM32_x86_64_9.3.0/ARMTools/bin/../lib/gcc/arm-atollic-eabi/6.3.1/armv6-m/crtbegin.o
                0x000000000800759c                PROVIDE (__init_array_end, .)

.fini_array     0x000000000800759c        0x4
                [!provide]                        PROVIDE (__fini_array_start, .)
 *(SORT(.fini_array.*))
 *(.fini_array*)
 .fini_array    0x000000000800759c        0x4 /opt/Atollic_TrueSTUDIO_for_STM32_x86_64_9.3.0/ARMTools/bin/../lib/gcc/arm-atollic-eabi/6.3.1/armv6-m/crtbegin.o
                [!provide]                        PROVIDE (__fini_array_end, .)
                0x00000000080075a0                _sidata = LOADADDR (.data)

.data           0x0000000020000000      0x1dc load address 0x00000000080075a0
                0x0000000020000000                . = ALIGN (0x4)
                0x0000000020000000                _sdata = .
 *(.data)
 *(.data*)
 .data.uwTickFreq
                0x0000000020000000        0x4 Drivers/STM32G0xx_HAL_Driver/Src/stm32g0xx_hal.o
                0x0000000020000000                uwTickFreq
 .data.uwTickPrio
                0x0000000020000004        0x4 Drivers/STM32G0xx_HAL_Driver/Src/stm32g0xx_hal.o
                0x0000000020000004                uwTickPrio
 .data.SystemCoreClock
                0x0000000020000008        0x4 Src/system_stm32g0xx.o
                0x0000000020000008                SystemCoreClock
 .data._impure_ptr
                0x000000002000000c        0x4 /opt/Atollic_TrueSTUDIO_for_STM32_x86_64_9.3.0/ARMTools/bin/../lib/gcc/arm-atollic-eabi/6.3.1/../../../../arm-atollic-eabi/lib/armv6-m/libc_nano.a(lib_a-impure.o)
                0x000000002000000c                _impure_ptr
 .data.impure_data
                0x0000000020000010       0x60 /opt/Atollic_TrueSTUDIO_for_STM32_x86_64_9.3.0/ARMTools/bin/../lib/gcc/arm-atollic-eabi/6.3.1/../../../../arm-atollic-eabi/lib/armv6-m/libc_nano.a(lib_a-impure.o)
 .data.__global_locale
                0x0000000020000070      0x16c /opt/Atollic_TrueSTUDIO_for_STM32_x86_64_9.3.0/ARMTools/bin/../lib/gcc/arm-atollic-eabi/6.3.1/../../../../arm-atollic-eabi/lib/armv6-m/libc_nano.a(lib_a-locale.o)
                0x0000000020000070                __global_locale
                0x00000000200001dc                . = ALIGN (0x4)
                0x00000000200001dc                _edata = .

.igot.plt       0x00000000200001dc        0x0 load address 0x000000000800777c
 .igot.plt      0x00000000200001dc        0x0 /opt/Atollic_TrueSTUDIO_for_STM32_x86_64_9.3.0/ARMTools/bin/../lib/gcc/arm-atollic-eabi/6.3.1/armv6-m/crtbegin.o
                0x00000000200001dc                . = ALIGN (0x4)

.bss            0x00000000200001dc      0x108 load address 0x000000000800777c
                0x00000000200001dc                _sbss = .
                0x00000000200001dc                __bss_start__ = _sbss
 *(.bss)
 .bss           0x00000000200001dc       0x1c /opt/Atollic_TrueSTUDIO_for_STM32_x86_64_9.3.0/ARMTools/bin/../lib/gcc/arm-atollic-eabi/6.3.1/armv6-m/crtbegin.o
 *(.bss*)
 .bss.heap_end.5887
                0x00000000200001f8        0x4 Src/syscalls.o
 .bss.__malloc_free_list
                0x00000000200001fc        0x4 /opt/Atollic_TrueSTUDIO_for_STM32_x86_64_9.3.0/ARMTools/bin/../lib/gcc/arm-atollic-eabi/6.3.1/../../../../arm-atollic-eabi/lib/armv6-m/libc_nano.a(lib_a-nano-mallocr.o)
                0x00000000200001fc                __malloc_free_list
 .bss.__malloc_sbrk_start
                0x0000000020000200        0x4 /opt/Atollic_TrueSTUDIO_for_STM32_x86_64_9.3.0/ARMTools/bin/../lib/gcc/arm-atollic-eabi/6.3.1/../../../../arm-atollic-eabi/lib/armv6-m/libc_nano.a(lib_a-nano-mallocr.o)
                0x0000000020000200                __malloc_sbrk_start
 *(COMMON)
 COMMON         0x0000000020000204        0x4 Drivers/STM32G0xx_HAL_Driver/Src/stm32g0xx_hal.o
                0x0000000020000204                uwTick
 COMMON         0x0000000020000208       0xd8 Src/main.o
                0x0000000020000208                hi2c1
                0x0000000020000254                huart2
 COMMON         0x00000000200002e0        0x4 /opt/Atollic_TrueSTUDIO_for_STM32_x86_64_9.3.0/ARMTools/bin/../lib/gcc/arm-atollic-eabi/6.3.1/../../../../arm-atollic-eabi/lib/armv6-m/libc_nano.a(lib_a-reent.o)
                0x00000000200002e0                errno
                0x00000000200002e4                . = ALIGN (0x4)
                0x00000000200002e4                _ebss = .
                0x00000000200002e4                __bss_end__ = _ebss

._user_heap_stack
                0x00000000200002e4      0x600 load address 0x000000000800777c
                0x00000000200002e4                . = ALIGN (0x4)
                0x00000000200002e4                PROVIDE (end, .)
                [!provide]                        PROVIDE (_end, .)
                0x00000000200004e4                . = (. + _Min_Heap_Size)
 *fill*         0x00000000200002e4      0x200 
                0x00000000200008e4                . = (. + _Min_Stack_Size)
 *fill*         0x00000000200004e4      0x400 
                0x00000000200008e4                . = ALIGN (0x4)

/DISCARD/
 libc.a(*)
 libm.a(*)
 libgcc.a(*)

.ARM.attributes
                0x0000000000000000       0x28
 *(.ARM.attributes)
 .ARM.attributes
                0x0000000000000000       0x1e /opt/Atollic_TrueSTUDIO_for_STM32_x86_64_9.3.0/ARMTools/bin/../lib/gcc/arm-atollic-eabi/6.3.1/armv6-m/crti.o
 .ARM.attributes
                0x000000000000001e       0x2c /opt/Atollic_TrueSTUDIO_for_STM32_x86_64_9.3.0/ARMTools/bin/../lib/gcc/arm-atollic-eabi/6.3.1/armv6-m/crtbegin.o
 .ARM.attributes
                0x000000000000004a       0x32 Drivers/STM32G0xx_HAL_Driver/Src/stm32g0xx_hal.o
 .ARM.attributes
                0x000000000000007c       0x32 Drivers/STM32G0xx_HAL_Driver/Src/stm32g0xx_hal_cortex.o
 .ARM.attributes
                0x00000000000000ae       0x32 Drivers/STM32G0xx_HAL_Driver/Src/stm32g0xx_hal_dma.o
 .ARM.attributes
                0x00000000000000e0       0x32 Drivers/STM32G0xx_HAL_Driver/Src/stm32g0xx_hal_gpio.o
 .ARM.attributes
                0x0000000000000112       0x32 Drivers/STM32G0xx_HAL_Driver/Src/stm32g0xx_hal_i2c.o
 .ARM.attributes
                0x0000000000000144       0x32 Drivers/STM32G0xx_HAL_Driver/Src/stm32g0xx_hal_i2c_ex.o
 .ARM.attributes
                0x0000000000000176       0x32 Drivers/STM32G0xx_HAL_Driver/Src/stm32g0xx_hal_pwr_ex.o
 .ARM.attributes
                0x00000000000001a8       0x32 Drivers/STM32G0xx_HAL_Driver/Src/stm32g0xx_hal_rcc.o
 .ARM.attributes
                0x00000000000001da       0x32 Drivers/STM32G0xx_HAL_Driver/Src/stm32g0xx_hal_rcc_ex.o
 .ARM.attributes
                0x000000000000020c       0x32 Drivers/STM32G0xx_HAL_Driver/Src/stm32g0xx_hal_uart.o
 .ARM.attributes
                0x000000000000023e       0x32 Drivers/STM32G0xx_HAL_Driver/Src/stm32g0xx_hal_uart_ex.o
 .ARM.attributes
                0x0000000000000270       0x32 Src/main.o
 .ARM.attributes
                0x00000000000002a2       0x32 Src/stm32g0xx_hal_msp.o
 .ARM.attributes
                0x00000000000002d4       0x32 Src/stm32g0xx_it.o
 .ARM.attributes
                0x0000000000000306       0x32 Src/syscalls.o
 .ARM.attributes
                0x0000000000000338       0x32 Src/system_stm32g0xx.o
 .ARM.attributes
                0x000000000000036a       0x21 startup/startup_stm32g071xx.o
 .ARM.attributes
                0x000000000000038b       0x2c /opt/Atollic_TrueSTUDIO_for_STM32_x86_64_9.3.0/ARMTools/bin/../lib/gcc/arm-atollic-eabi/6.3.1/../../../../arm-atollic-eabi/lib/armv6-m/libc_nano.a(lib_a-errno.o)
 .ARM.attributes
                0x00000000000003b7       0x2c /opt/Atollic_TrueSTUDIO_for_STM32_x86_64_9.3.0/ARMTools/bin/../lib/gcc/arm-atollic-eabi/6.3.1/../../../../arm-atollic-eabi/lib/armv6-m/libc_nano.a(lib_a-impure.o)
 .ARM.attributes
                0x00000000000003e3       0x2c /opt/Atollic_TrueSTUDIO_for_STM32_x86_64_9.3.0/ARMTools/bin/../lib/gcc/arm-atollic-eabi/6.3.1/../../../../arm-atollic-eabi/lib/armv6-m/libc_nano.a(lib_a-init.o)
 .ARM.attributes
                0x000000000000040f       0x2c /opt/Atollic_TrueSTUDIO_for_STM32_x86_64_9.3.0/ARMTools/bin/../lib/gcc/arm-atollic-eabi/6.3.1/../../../../arm-atollic-eabi/lib/armv6-m/libc_nano.a(lib_a-memset.o)
 .ARM.attributes
                0x000000000000043b       0x2c /opt/Atollic_TrueSTUDIO_for_STM32_x86_64_9.3.0/ARMTools/bin/../lib/gcc/arm-atollic-eabi/6.3.1/../../../../arm-atollic-eabi/lib/armv6-m/libc_nano.a(lib_a-nano-vfprintf_float.o)
 .ARM.attributes
                0x0000000000000467       0x2c /opt/Atollic_TrueSTUDIO_for_STM32_x86_64_9.3.0/ARMTools/bin/../lib/gcc/arm-atollic-eabi/6.3.1/../../../../arm-atollic-eabi/lib/armv6-m/libc_nano.a(lib_a-nano-vfprintf_i.o)
 .ARM.attributes
                0x0000000000000493       0x2c /opt/Atollic_TrueSTUDIO_for_STM32_x86_64_9.3.0/ARMTools/bin/../lib/gcc/arm-atollic-eabi/6.3.1/../../../../arm-atollic-eabi/lib/armv6-m/libc_nano.a(lib_a-printf.o)
 .ARM.attributes
                0x00000000000004bf       0x2c /opt/Atollic_TrueSTUDIO_for_STM32_x86_64_9.3.0/ARMTools/bin/../lib/gcc/arm-atollic-eabi/6.3.1/../../../../arm-atollic-eabi/lib/armv6-m/libc_nano.a(lib_a-puts.o)
 .ARM.attributes
                0x00000000000004eb       0x1c /opt/Atollic_TrueSTUDIO_for_STM32_x86_64_9.3.0/ARMTools/bin/../lib/gcc/arm-atollic-eabi/6.3.1/../../../../arm-atollic-eabi/lib/armv6-m/libc_nano.a(lib_a-strlen.o)
 .ARM.attributes
                0x0000000000000507       0x2c /opt/Atollic_TrueSTUDIO_for_STM32_x86_64_9.3.0/ARMTools/bin/../lib/gcc/arm-atollic-eabi/6.3.1/../../../../arm-atollic-eabi/lib/armv6-m/libc_nano.a(lib_a-wbuf.o)
 .ARM.attributes
                0x0000000000000533       0x2c /opt/Atollic_TrueSTUDIO_for_STM32_x86_64_9.3.0/ARMTools/bin/../lib/gcc/arm-atollic-eabi/6.3.1/../../../../arm-atollic-eabi/lib/armv6-m/libc_nano.a(lib_a-wsetup.o)
 .ARM.attributes
                0x000000000000055f       0x2c /opt/Atollic_TrueSTUDIO_for_STM32_x86_64_9.3.0/ARMTools/bin/../lib/gcc/arm-atollic-eabi/6.3.1/../../../../arm-atollic-eabi/lib/armv6-m/libc_nano.a(lib_a-dtoa.o)
 .ARM.attributes
                0x000000000000058b       0x2c /opt/Atollic_TrueSTUDIO_for_STM32_x86_64_9.3.0/ARMTools/bin/../lib/gcc/arm-atollic-eabi/6.3.1/../../../../arm-atollic-eabi/lib/armv6-m/libc_nano.a(lib_a-fflush.o)
 .ARM.attributes
                0x00000000000005b7       0x2c /opt/Atollic_TrueSTUDIO_for_STM32_x86_64_9.3.0/ARMTools/bin/../lib/gcc/arm-atollic-eabi/6.3.1/../../../../arm-atollic-eabi/lib/armv6-m/libc_nano.a(lib_a-findfp.o)
 .ARM.attributes
                0x00000000000005e3       0x2c /opt/Atollic_TrueSTUDIO_for_STM32_x86_64_9.3.0/ARMTools/bin/../lib/gcc/arm-atollic-eabi/6.3.1/../../../../arm-atollic-eabi/lib/armv6-m/libc_nano.a(lib_a-fwalk.o)
 .ARM.attributes
                0x000000000000060f       0x2c /opt/Atollic_TrueSTUDIO_for_STM32_x86_64_9.3.0/ARMTools/bin/../lib/gcc/arm-atollic-eabi/6.3.1/../../../../arm-atollic-eabi/lib/armv6-m/libc_nano.a(lib_a-localeconv.o)
 .ARM.attributes
                0x000000000000063b       0x2c /opt/Atollic_TrueSTUDIO_for_STM32_x86_64_9.3.0/ARMTools/bin/../lib/gcc/arm-atollic-eabi/6.3.1/../../../../arm-atollic-eabi/lib/armv6-m/libc_nano.a(lib_a-makebuf.o)
 .ARM.attributes
                0x0000000000000667       0x2c /opt/Atollic_TrueSTUDIO_for_STM32_x86_64_9.3.0/ARMTools/bin/../lib/gcc/arm-atollic-eabi/6.3.1/../../../../arm-atollic-eabi/lib/armv6-m/libc_nano.a(lib_a-malloc.o)
 .ARM.attributes
                0x0000000000000693       0x2c /opt/Atollic_TrueSTUDIO_for_STM32_x86_64_9.3.0/ARMTools/bin/../lib/gcc/arm-atollic-eabi/6.3.1/../../../../arm-atollic-eabi/lib/armv6-m/libc_nano.a(lib_a-memchr-stub.o)
 .ARM.attributes
                0x00000000000006bf       0x2c /opt/Atollic_TrueSTUDIO_for_STM32_x86_64_9.3.0/ARMTools/bin/../lib/gcc/arm-atollic-eabi/6.3.1/../../../../arm-atollic-eabi/lib/armv6-m/libc_nano.a(lib_a-memcpy-stub.o)
 .ARM.attributes
                0x00000000000006eb       0x2c /opt/Atollic_TrueSTUDIO_for_STM32_x86_64_9.3.0/ARMTools/bin/../lib/gcc/arm-atollic-eabi/6.3.1/../../../../arm-atollic-eabi/lib/armv6-m/libc_nano.a(lib_a-mprec.o)
 .ARM.attributes
                0x0000000000000717       0x2c /opt/Atollic_TrueSTUDIO_for_STM32_x86_64_9.3.0/ARMTools/bin/../lib/gcc/arm-atollic-eabi/6.3.1/../../../../arm-atollic-eabi/lib/armv6-m/libc_nano.a(lib_a-nano-callocr.o)
 .ARM.attributes
                0x0000000000000743       0x2c /opt/Atollic_TrueSTUDIO_for_STM32_x86_64_9.3.0/ARMTools/bin/../lib/gcc/arm-atollic-eabi/6.3.1/../../../../arm-atollic-eabi/lib/armv6-m/libc_nano.a(lib_a-nano-freer.o)
 .ARM.attributes
                0x000000000000076f       0x2c /opt/Atollic_TrueSTUDIO_for_STM32_x86_64_9.3.0/ARMTools/bin/../lib/gcc/arm-atollic-eabi/6.3.1/../../../../arm-atollic-eabi/lib/armv6-m/libc_nano.a(lib_a-nano-mallocr.o)
 .ARM.attributes
                0x000000000000079b       0x2c /opt/Atollic_TrueSTUDIO_for_STM32_x86_64_9.3.0/ARMTools/bin/../lib/gcc/arm-atollic-eabi/6.3.1/../../../../arm-atollic-eabi/lib/armv6-m/libc_nano.a(lib_a-nano-vfprintf.o)
 .ARM.attributes
                0x00000000000007c7       0x2c /opt/Atollic_TrueSTUDIO_for_STM32_x86_64_9.3.0/ARMTools/bin/../lib/gcc/arm-atollic-eabi/6.3.1/../../../../arm-atollic-eabi/lib/armv6-m/libc_nano.a(lib_a-sbrkr.o)
 .ARM.attributes
                0x00000000000007f3       0x2c /opt/Atollic_TrueSTUDIO_for_STM32_x86_64_9.3.0/ARMTools/bin/../lib/gcc/arm-atollic-eabi/6.3.1/../../../../arm-atollic-eabi/lib/armv6-m/libc_nano.a(lib_a-stdio.o)
 .ARM.attributes
                0x000000000000081f       0x2c /opt/Atollic_TrueSTUDIO_for_STM32_x86_64_9.3.0/ARMTools/bin/../lib/gcc/arm-atollic-eabi/6.3.1/../../../../arm-atollic-eabi/lib/armv6-m/libc_nano.a(lib_a-writer.o)
 .ARM.attributes
                0x000000000000084b       0x2c /opt/Atollic_TrueSTUDIO_for_STM32_x86_64_9.3.0/ARMTools/bin/../lib/gcc/arm-atollic-eabi/6.3.1/../../../../arm-atollic-eabi/lib/armv6-m/libc_nano.a(lib_a-closer.o)
 .ARM.attributes
                0x0000000000000877       0x2c /opt/Atollic_TrueSTUDIO_for_STM32_x86_64_9.3.0/ARMTools/bin/../lib/gcc/arm-atollic-eabi/6.3.1/../../../../arm-atollic-eabi/lib/armv6-m/libc_nano.a(lib_a-fstatr.o)
 .ARM.attributes
                0x00000000000008a3       0x2c /opt/Atollic_TrueSTUDIO_for_STM32_x86_64_9.3.0/ARMTools/bin/../lib/gcc/arm-atollic-eabi/6.3.1/../../../../arm-atollic-eabi/lib/armv6-m/libc_nano.a(lib_a-isattyr.o)
 .ARM.attributes
                0x00000000000008cf       0x2c /opt/Atollic_TrueSTUDIO_for_STM32_x86_64_9.3.0/ARMTools/bin/../lib/gcc/arm-atollic-eabi/6.3.1/../../../../arm-atollic-eabi/lib/armv6-m/libc_nano.a(lib_a-locale.o)
 .ARM.attributes
                0x00000000000008fb       0x2c /opt/Atollic_TrueSTUDIO_for_STM32_x86_64_9.3.0/ARMTools/bin/../lib/gcc/arm-atollic-eabi/6.3.1/../../../../arm-atollic-eabi/lib/armv6-m/libc_nano.a(lib_a-lseekr.o)
 .ARM.attributes
                0x0000000000000927       0x2c /opt/Atollic_TrueSTUDIO_for_STM32_x86_64_9.3.0/ARMTools/bin/../lib/gcc/arm-atollic-eabi/6.3.1/../../../../arm-atollic-eabi/lib/armv6-m/libc_nano.a(lib_a-mbtowc_r.o)
 .ARM.attributes
                0x0000000000000953       0x2c /opt/Atollic_TrueSTUDIO_for_STM32_x86_64_9.3.0/ARMTools/bin/../lib/gcc/arm-atollic-eabi/6.3.1/../../../../arm-atollic-eabi/lib/armv6-m/libc_nano.a(lib_a-mlock.o)
 .ARM.attributes
                0x000000000000097f       0x2c /opt/Atollic_TrueSTUDIO_for_STM32_x86_64_9.3.0/ARMTools/bin/../lib/gcc/arm-atollic-eabi/6.3.1/../../../../arm-atollic-eabi/lib/armv6-m/libc_nano.a(lib_a-readr.o)
 .ARM.attributes
                0x00000000000009ab       0x2c /opt/Atollic_TrueSTUDIO_for_STM32_x86_64_9.3.0/ARMTools/bin/../lib/gcc/arm-atollic-eabi/6.3.1/../../../../arm-atollic-eabi/lib/armv6-m/libc_nano.a(lib_a-reent.o)
 .ARM.attributes
                0x00000000000009d7       0x2c /opt/Atollic_TrueSTUDIO_for_STM32_x86_64_9.3.0/ARMTools/bin/../lib/gcc/arm-atollic-eabi/6.3.1/../../../../arm-atollic-eabi/lib/armv6-m/libc_nano.a(lib_a-wctomb_r.o)
 .ARM.attributes
                0x0000000000000a03       0x2c /opt/Atollic_TrueSTUDIO_for_STM32_x86_64_9.3.0/ARMTools/bin/../lib/gcc/arm-atollic-eabi/6.3.1/../../../../arm-atollic-eabi/lib/armv6-m/libc_nano.a(lib_a-ctype_.o)
 .ARM.attributes
                0x0000000000000a2f       0x1e /opt/Atollic_TrueSTUDIO_for_STM32_x86_64_9.3.0/ARMTools/bin/../lib/gcc/arm-atollic-eabi/6.3.1/armv6-m/libgcc.a(_thumb1_case_uqi.o)
 .ARM.attributes
                0x0000000000000a4d       0x1e /opt/Atollic_TrueSTUDIO_for_STM32_x86_64_9.3.0/ARMTools/bin/../lib/gcc/arm-atollic-eabi/6.3.1/armv6-m/libgcc.a(_thumb1_case_uhi.o)
 .ARM.attributes
                0x0000000000000a6b       0x1e /opt/Atollic_TrueSTUDIO_for_STM32_x86_64_9.3.0/ARMTools/bin/../lib/gcc/arm-atollic-eabi/6.3.1/armv6-m/libgcc.a(_udivsi3.o)
 .ARM.attributes
                0x0000000000000a89       0x1e /opt/Atollic_TrueSTUDIO_for_STM32_x86_64_9.3.0/ARMTools/bin/../lib/gcc/arm-atollic-eabi/6.3.1/armv6-m/libgcc.a(_divsi3.o)
 .ARM.attributes
                0x0000000000000aa7       0x1e /opt/Atollic_TrueSTUDIO_for_STM32_x86_64_9.3.0/ARMTools/bin/../lib/gcc/arm-atollic-eabi/6.3.1/armv6-m/libgcc.a(_dvmd_tls.o)
 .ARM.attributes
                0x0000000000000ac5       0x1e /opt/Atollic_TrueSTUDIO_for_STM32_x86_64_9.3.0/ARMTools/bin/../lib/gcc/arm-atollic-eabi/6.3.1/armv6-m/libgcc.a(_arm_cmpdf2.o)
 .ARM.attributes
                0x0000000000000ae3       0x1e /opt/Atollic_TrueSTUDIO_for_STM32_x86_64_9.3.0/ARMTools/bin/../lib/gcc/arm-atollic-eabi/6.3.1/armv6-m/libgcc.a(_aeabi_uldivmod.o)
 .ARM.attributes
                0x0000000000000b01       0x2c /opt/Atollic_TrueSTUDIO_for_STM32_x86_64_9.3.0/ARMTools/bin/../lib/gcc/arm-atollic-eabi/6.3.1/armv6-m/libgcc.a(_udivmoddi4.o)
 .ARM.attributes
                0x0000000000000b2d       0x2c /opt/Atollic_TrueSTUDIO_for_STM32_x86_64_9.3.0/ARMTools/bin/../lib/gcc/arm-atollic-eabi/6.3.1/armv6-m/libgcc.a(adddf3.o)
 .ARM.attributes
                0x0000000000000b59       0x2c /opt/Atollic_TrueSTUDIO_for_STM32_x86_64_9.3.0/ARMTools/bin/../lib/gcc/arm-atollic-eabi/6.3.1/armv6-m/libgcc.a(divdf3.o)
 .ARM.attributes
                0x0000000000000b85       0x2c /opt/Atollic_TrueSTUDIO_for_STM32_x86_64_9.3.0/ARMTools/bin/../lib/gcc/arm-atollic-eabi/6.3.1/armv6-m/libgcc.a(eqdf2.o)
 .ARM.attributes
                0x0000000000000bb1       0x2c /opt/Atollic_TrueSTUDIO_for_STM32_x86_64_9.3.0/ARMTools/bin/../lib/gcc/arm-atollic-eabi/6.3.1/armv6-m/libgcc.a(gedf2.o)
 .ARM.attributes
                0x0000000000000bdd       0x2c /opt/Atollic_TrueSTUDIO_for_STM32_x86_64_9.3.0/ARMTools/bin/../lib/gcc/arm-atollic-eabi/6.3.1/armv6-m/libgcc.a(ledf2.o)
 .ARM.attributes
                0x0000000000000c09       0x2c /opt/Atollic_TrueSTUDIO_for_STM32_x86_64_9.3.0/ARMTools/bin/../lib/gcc/arm-atollic-eabi/6.3.1/armv6-m/libgcc.a(muldf3.o)
 .ARM.attributes
                0x0000000000000c35       0x2c /opt/Atollic_TrueSTUDIO_for_STM32_x86_64_9.3.0/ARMTools/bin/../lib/gcc/arm-atollic-eabi/6.3.1/armv6-m/libgcc.a(subdf3.o)
 .ARM.attributes
                0x0000000000000c61       0x2c /opt/Atollic_TrueSTUDIO_for_STM32_x86_64_9.3.0/ARMTools/bin/../lib/gcc/arm-atollic-eabi/6.3.1/armv6-m/libgcc.a(unorddf2.o)
 .ARM.attributes
                0x0000000000000c8d       0x2c /opt/Atollic_TrueSTUDIO_for_STM32_x86_64_9.3.0/ARMTools/bin/../lib/gcc/arm-atollic-eabi/6.3.1/armv6-m/libgcc.a(fixdfsi.o)
 .ARM.attributes
                0x0000000000000cb9       0x2c /opt/Atollic_TrueSTUDIO_for_STM32_x86_64_9.3.0/ARMTools/bin/../lib/gcc/arm-atollic-eabi/6.3.1/armv6-m/libgcc.a(floatsidf.o)
 .ARM.attributes
                0x0000000000000ce5       0x2c /opt/Atollic_TrueSTUDIO_for_STM32_x86_64_9.3.0/ARMTools/bin/../lib/gcc/arm-atollic-eabi/6.3.1/armv6-m/libgcc.a(floatunsidf.o)
 .ARM.attributes
                0x0000000000000d11       0x1e /opt/Atollic_TrueSTUDIO_for_STM32_x86_64_9.3.0/ARMTools/bin/../lib/gcc/arm-atollic-eabi/6.3.1/armv6-m/libgcc.a(_clzsi2.o)
 .ARM.attributes
                0x0000000000000d2f       0x1e /opt/Atollic_TrueSTUDIO_for_STM32_x86_64_9.3.0/ARMTools/bin/../lib/gcc/arm-atollic-eabi/6.3.1/armv6-m/libgcc.a(_clzdi2.o)
 .ARM.attributes
                0x0000000000000d4d       0x1e /opt/Atollic_TrueSTUDIO_for_STM32_x86_64_9.3.0/ARMTools/bin/../lib/gcc/arm-atollic-eabi/6.3.1/armv6-m/crtn.o
OUTPUT(mlx90640Serial.elf elf32-littlearm)

.debug_info     0x0000000000000000    0x10006
 .debug_info    0x0000000000000000      0xaeb Drivers/STM32G0xx_HAL_Driver/Src/stm32g0xx_hal.o
 .debug_info    0x0000000000000aeb      0xa5a Drivers/STM32G0xx_HAL_Driver/Src/stm32g0xx_hal_cortex.o
 .debug_info    0x0000000000001545      0x9e5 Drivers/STM32G0xx_HAL_Driver/Src/stm32g0xx_hal_dma.o
 .debug_info    0x0000000000001f2a      0x6a6 Drivers/STM32G0xx_HAL_Driver/Src/stm32g0xx_hal_gpio.o
 .debug_info    0x00000000000025d0     0x397c Drivers/STM32G0xx_HAL_Driver/Src/stm32g0xx_hal_i2c.o
 .debug_info    0x0000000000005f4c      0xa83 Drivers/STM32G0xx_HAL_Driver/Src/stm32g0xx_hal_i2c_ex.o
 .debug_info    0x00000000000069cf      0x65f Drivers/STM32G0xx_HAL_Driver/Src/stm32g0xx_hal_pwr_ex.o
 .debug_info    0x000000000000702e      0xcd4 Drivers/STM32G0xx_HAL_Driver/Src/stm32g0xx_hal_rcc.o
 .debug_info    0x0000000000007d02      0x8e2 Drivers/STM32G0xx_HAL_Driver/Src/stm32g0xx_hal_rcc_ex.o
 .debug_info    0x00000000000085e4     0x1f93 Drivers/STM32G0xx_HAL_Driver/Src/stm32g0xx_hal_uart.o
 .debug_info    0x000000000000a577      0xc9d Drivers/STM32G0xx_HAL_Driver/Src/stm32g0xx_hal_uart_ex.o
 .debug_info    0x000000000000b214     0x2073 Src/main.o
 .debug_info    0x000000000000d287     0x10da Src/stm32g0xx_hal_msp.o
 .debug_info    0x000000000000e361      0x816 Src/stm32g0xx_it.o
 .debug_info    0x000000000000eb77      0xfe1 Src/syscalls.o
 .debug_info    0x000000000000fb58      0x43c Src/system_stm32g0xx.o
 .debug_info    0x000000000000ff94       0x72 startup/startup_stm32g071xx.o

.debug_abbrev   0x0000000000000000     0x2715
 .debug_abbrev  0x0000000000000000      0x2b5 Drivers/STM32G0xx_HAL_Driver/Src/stm32g0xx_hal.o
 .debug_abbrev  0x00000000000002b5      0x281 Drivers/STM32G0xx_HAL_Driver/Src/stm32g0xx_hal_cortex.o
 .debug_abbrev  0x0000000000000536      0x28c Drivers/STM32G0xx_HAL_Driver/Src/stm32g0xx_hal_dma.o
 .debug_abbrev  0x00000000000007c2      0x233 Drivers/STM32G0xx_HAL_Driver/Src/stm32g0xx_hal_gpio.o
 .debug_abbrev  0x00000000000009f5      0x334 Drivers/STM32G0xx_HAL_Driver/Src/stm32g0xx_hal_i2c.o
 .debug_abbrev  0x0000000000000d29      0x1dd Drivers/STM32G0xx_HAL_Driver/Src/stm32g0xx_hal_i2c_ex.o
 .debug_abbrev  0x0000000000000f06      0x20f Drivers/STM32G0xx_HAL_Driver/Src/stm32g0xx_hal_pwr_ex.o
 .debug_abbrev  0x0000000000001115      0x2b0 Drivers/STM32G0xx_HAL_Driver/Src/stm32g0xx_hal_rcc.o
 .debug_abbrev  0x00000000000013c5      0x220 Drivers/STM32G0xx_HAL_Driver/Src/stm32g0xx_hal_rcc_ex.o
 .debug_abbrev  0x00000000000015e5      0x321 Drivers/STM32G0xx_HAL_Driver/Src/stm32g0xx_hal_uart.o
 .debug_abbrev  0x0000000000001906      0x28b Drivers/STM32G0xx_HAL_Driver/Src/stm32g0xx_hal_uart_ex.o
 .debug_abbrev  0x0000000000001b91      0x39d Src/main.o
 .debug_abbrev  0x0000000000001f2e      0x219 Src/stm32g0xx_hal_msp.o
 .debug_abbrev  0x0000000000002147      0x1a1 Src/stm32g0xx_it.o
 .debug_abbrev  0x00000000000022e8      0x2d9 Src/syscalls.o
 .debug_abbrev  0x00000000000025c1      0x142 Src/system_stm32g0xx.o
 .debug_abbrev  0x0000000000002703       0x12 startup/startup_stm32g071xx.o

.debug_loc      0x0000000000000000     0x81fc
 .debug_loc     0x0000000000000000      0x216 Drivers/STM32G0xx_HAL_Driver/Src/stm32g0xx_hal.o
 .debug_loc     0x0000000000000216      0x3d7 Drivers/STM32G0xx_HAL_Driver/Src/stm32g0xx_hal_cortex.o
 .debug_loc     0x00000000000005ed      0x6ba Drivers/STM32G0xx_HAL_Driver/Src/stm32g0xx_hal_dma.o
 .debug_loc     0x0000000000000ca7      0x2fb Drivers/STM32G0xx_HAL_Driver/Src/stm32g0xx_hal_gpio.o
 .debug_loc     0x0000000000000fa2     0x3bdb Drivers/STM32G0xx_HAL_Driver/Src/stm32g0xx_hal_i2c.o
 .debug_loc     0x0000000000004b7d      0x1bc Drivers/STM32G0xx_HAL_Driver/Src/stm32g0xx_hal_i2c_ex.o
 .debug_loc     0x0000000000004d39      0x2f4 Drivers/STM32G0xx_HAL_Driver/Src/stm32g0xx_hal_pwr_ex.o
 .debug_loc     0x000000000000502d      0x4d7 Drivers/STM32G0xx_HAL_Driver/Src/stm32g0xx_hal_rcc.o
 .debug_loc     0x0000000000005504      0x4c5 Drivers/STM32G0xx_HAL_Driver/Src/stm32g0xx_hal_rcc_ex.o
 .debug_loc     0x00000000000059c9     0x1b2c Drivers/STM32G0xx_HAL_Driver/Src/stm32g0xx_hal_uart.o
 .debug_loc     0x00000000000074f5      0x465 Drivers/STM32G0xx_HAL_Driver/Src/stm32g0xx_hal_uart_ex.o
 .debug_loc     0x000000000000795a      0x2d3 Src/main.o
 .debug_loc     0x0000000000007c2d       0xb0 Src/stm32g0xx_hal_msp.o
 .debug_loc     0x0000000000007cdd      0x45e Src/syscalls.o
 .debug_loc     0x000000000000813b       0xc1 Src/system_stm32g0xx.o

.debug_aranges  0x0000000000000000      0xa78
 .debug_aranges
                0x0000000000000000      0x118 Drivers/STM32G0xx_HAL_Driver/Src/stm32g0xx_hal.o
 .debug_aranges
                0x0000000000000118       0x90 Drivers/STM32G0xx_HAL_Driver/Src/stm32g0xx_hal_cortex.o
 .debug_aranges
                0x00000000000001a8       0x88 Drivers/STM32G0xx_HAL_Driver/Src/stm32g0xx_hal_dma.o
 .debug_aranges
                0x0000000000000230       0x58 Drivers/STM32G0xx_HAL_Driver/Src/stm32g0xx_hal_gpio.o
 .debug_aranges
                0x0000000000000288      0x238 Drivers/STM32G0xx_HAL_Driver/Src/stm32g0xx_hal_i2c.o
 .debug_aranges
                0x00000000000004c0       0x48 Drivers/STM32G0xx_HAL_Driver/Src/stm32g0xx_hal_i2c_ex.o
 .debug_aranges
                0x0000000000000508       0xc0 Drivers/STM32G0xx_HAL_Driver/Src/stm32g0xx_hal_pwr_ex.o
 .debug_aranges
                0x00000000000005c8       0x88 Drivers/STM32G0xx_HAL_Driver/Src/stm32g0xx_hal_rcc.o
 .debug_aranges
                0x0000000000000650       0x40 Drivers/STM32G0xx_HAL_Driver/Src/stm32g0xx_hal_rcc_ex.o
 .debug_aranges
                0x0000000000000690      0x1c0 Drivers/STM32G0xx_HAL_Driver/Src/stm32g0xx_hal_uart.o
 .debug_aranges
                0x0000000000000850       0x70 Drivers/STM32G0xx_HAL_Driver/Src/stm32g0xx_hal_uart_ex.o
 .debug_aranges
                0x00000000000008c0       0x40 Src/main.o
 .debug_aranges
                0x0000000000000900       0x40 Src/stm32g0xx_hal_msp.o
 .debug_aranges
                0x0000000000000940       0x38 Src/stm32g0xx_it.o
 .debug_aranges
                0x0000000000000978       0xb0 Src/syscalls.o
 .debug_aranges
                0x0000000000000a28       0x28 Src/system_stm32g0xx.o
 .debug_aranges
                0x0000000000000a50       0x28 startup/startup_stm32g071xx.o

.debug_ranges   0x0000000000000000      0xc50
 .debug_ranges  0x0000000000000000      0x108 Drivers/STM32G0xx_HAL_Driver/Src/stm32g0xx_hal.o
 .debug_ranges  0x0000000000000108       0xd0 Drivers/STM32G0xx_HAL_Driver/Src/stm32g0xx_hal_cortex.o
 .debug_ranges  0x00000000000001d8       0x90 Drivers/STM32G0xx_HAL_Driver/Src/stm32g0xx_hal_dma.o
 .debug_ranges  0x0000000000000268       0x48 Drivers/STM32G0xx_HAL_Driver/Src/stm32g0xx_hal_gpio.o
 .debug_ranges  0x00000000000002b0      0x288 Drivers/STM32G0xx_HAL_Driver/Src/stm32g0xx_hal_i2c.o
 .debug_ranges  0x0000000000000538       0x78 Drivers/STM32G0xx_HAL_Driver/Src/stm32g0xx_hal_i2c_ex.o
 .debug_ranges  0x00000000000005b0       0xb0 Drivers/STM32G0xx_HAL_Driver/Src/stm32g0xx_hal_pwr_ex.o
 .debug_ranges  0x0000000000000660       0xe8 Drivers/STM32G0xx_HAL_Driver/Src/stm32g0xx_hal_rcc.o
 .debug_ranges  0x0000000000000748       0x90 Drivers/STM32G0xx_HAL_Driver/Src/stm32g0xx_hal_rcc_ex.o
 .debug_ranges  0x00000000000007d8      0x1b0 Drivers/STM32G0xx_HAL_Driver/Src/stm32g0xx_hal_uart.o
 .debug_ranges  0x0000000000000988       0x60 Drivers/STM32G0xx_HAL_Driver/Src/stm32g0xx_hal_uart_ex.o
 .debug_ranges  0x00000000000009e8       0x98 Src/main.o
 .debug_ranges  0x0000000000000a80       0xd0 Src/stm32g0xx_hal_msp.o
 .debug_ranges  0x0000000000000b50       0x28 Src/stm32g0xx_it.o
 .debug_ranges  0x0000000000000b78       0xa0 Src/syscalls.o
 .debug_ranges  0x0000000000000c18       0x18 Src/system_stm32g0xx.o
 .debug_ranges  0x0000000000000c30       0x20 startup/startup_stm32g071xx.o

.debug_line     0x0000000000000000     0x66ea
 .debug_line    0x0000000000000000      0x4d2 Drivers/STM32G0xx_HAL_Driver/Src/stm32g0xx_hal.o
 .debug_line    0x00000000000004d2      0x435 Drivers/STM32G0xx_HAL_Driver/Src/stm32g0xx_hal_cortex.o
 .debug_line    0x0000000000000907      0x512 Drivers/STM32G0xx_HAL_Driver/Src/stm32g0xx_hal_dma.o
 .debug_line    0x0000000000000e19      0x382 Drivers/STM32G0xx_HAL_Driver/Src/stm32g0xx_hal_gpio.o
 .debug_line    0x000000000000119b     0x19f9 Drivers/STM32G0xx_HAL_Driver/Src/stm32g0xx_hal_i2c.o
 .debug_line    0x0000000000002b94      0x381 Drivers/STM32G0xx_HAL_Driver/Src/stm32g0xx_hal_i2c_ex.o
 .debug_line    0x0000000000002f15      0x40a Drivers/STM32G0xx_HAL_Driver/Src/stm32g0xx_hal_pwr_ex.o
 .debug_line    0x000000000000331f      0x5db Drivers/STM32G0xx_HAL_Driver/Src/stm32g0xx_hal_rcc.o
 .debug_line    0x00000000000038fa      0x4fb Drivers/STM32G0xx_HAL_Driver/Src/stm32g0xx_hal_rcc_ex.o
 .debug_line    0x0000000000003df5     0x1350 Drivers/STM32G0xx_HAL_Driver/Src/stm32g0xx_hal_uart.o
 .debug_line    0x0000000000005145      0x4cf Drivers/STM32G0xx_HAL_Driver/Src/stm32g0xx_hal_uart_ex.o
 .debug_line    0x0000000000005614      0x531 Src/main.o
 .debug_line    0x0000000000005b45      0x30e Src/stm32g0xx_hal_msp.o
 .debug_line    0x0000000000005e53      0x234 Src/stm32g0xx_it.o
 .debug_line    0x0000000000006087      0x39a Src/syscalls.o
 .debug_line    0x0000000000006421      0x247 Src/system_stm32g0xx.o
 .debug_line    0x0000000000006668       0x82 startup/startup_stm32g071xx.o

.debug_str      0x0000000000000000     0x3cef
 .debug_str     0x0000000000000000      0x90c Drivers/STM32G0xx_HAL_Driver/Src/stm32g0xx_hal.o
                                        0x990 (size before relaxing)
 .debug_str     0x000000000000090c      0x366 Drivers/STM32G0xx_HAL_Driver/Src/stm32g0xx_hal_cortex.o
                                        0x83d (size before relaxing)
 .debug_str     0x0000000000000c72      0x4fd Drivers/STM32G0xx_HAL_Driver/Src/stm32g0xx_hal_dma.o
                                        0x7f9 (size before relaxing)
 .debug_str     0x000000000000116f      0x1fc Drivers/STM32G0xx_HAL_Driver/Src/stm32g0xx_hal_gpio.o
                                        0x4cd (size before relaxing)
 .debug_str     0x000000000000136b      0xade Drivers/STM32G0xx_HAL_Driver/Src/stm32g0xx_hal_i2c.o
                                       0x10ab (size before relaxing)
 .debug_str     0x0000000000001e49       0xfa Drivers/STM32G0xx_HAL_Driver/Src/stm32g0xx_hal_i2c_ex.o
                                        0x9c4 (size before relaxing)
 .debug_str     0x0000000000001f43      0x35e Drivers/STM32G0xx_HAL_Driver/Src/stm32g0xx_hal_pwr_ex.o
                                        0x641 (size before relaxing)
 .debug_str     0x00000000000022a1      0x32b Drivers/STM32G0xx_HAL_Driver/Src/stm32g0xx_hal_rcc.o
                                        0x7f2 (size before relaxing)
 .debug_str     0x00000000000025cc      0x259 Drivers/STM32G0xx_HAL_Driver/Src/stm32g0xx_hal_rcc_ex.o
                                        0x6f1 (size before relaxing)
 .debug_str     0x0000000000002825      0x988 Drivers/STM32G0xx_HAL_Driver/Src/stm32g0xx_hal_uart.o
                                       0x1073 (size before relaxing)
 .debug_str     0x00000000000031ad      0x237 Drivers/STM32G0xx_HAL_Driver/Src/stm32g0xx_hal_uart_ex.o
                                        0xa76 (size before relaxing)
 .debug_str     0x00000000000033e4      0x5ec Src/main.o
                                       0x156d (size before relaxing)
 .debug_str     0x00000000000039d0       0x32 Src/stm32g0xx_hal_msp.o
                                        0xe18 (size before relaxing)
 .debug_str     0x0000000000003a02       0x71 Src/stm32g0xx_it.o
                                        0x7aa (size before relaxing)
 .debug_str     0x0000000000003a73      0x241 Src/syscalls.o
                                        0x855 (size before relaxing)
 .debug_str     0x0000000000003cb4       0x3b Src/system_stm32g0xx.o
                                        0x38a (size before relaxing)

.comment        0x0000000000000000       0x7c
 .comment       0x0000000000000000       0x7c Drivers/STM32G0xx_HAL_Driver/Src/stm32g0xx_hal.o
                                         0x7d (size before relaxing)
 .comment       0x000000000000007c       0x7d Drivers/STM32G0xx_HAL_Driver/Src/stm32g0xx_hal_cortex.o
 .comment       0x000000000000007c       0x7d Drivers/STM32G0xx_HAL_Driver/Src/stm32g0xx_hal_dma.o
 .comment       0x000000000000007c       0x7d Drivers/STM32G0xx_HAL_Driver/Src/stm32g0xx_hal_gpio.o
 .comment       0x000000000000007c       0x7d Drivers/STM32G0xx_HAL_Driver/Src/stm32g0xx_hal_i2c.o
 .comment       0x000000000000007c       0x7d Drivers/STM32G0xx_HAL_Driver/Src/stm32g0xx_hal_i2c_ex.o
 .comment       0x000000000000007c       0x7d Drivers/STM32G0xx_HAL_Driver/Src/stm32g0xx_hal_pwr_ex.o
 .comment       0x000000000000007c       0x7d Drivers/STM32G0xx_HAL_Driver/Src/stm32g0xx_hal_rcc.o
 .comment       0x000000000000007c       0x7d Drivers/STM32G0xx_HAL_Driver/Src/stm32g0xx_hal_rcc_ex.o
 .comment       0x000000000000007c       0x7d Drivers/STM32G0xx_HAL_Driver/Src/stm32g0xx_hal_uart.o
 .comment       0x000000000000007c       0x7d Drivers/STM32G0xx_HAL_Driver/Src/stm32g0xx_hal_uart_ex.o
 .comment       0x000000000000007c       0x7d Src/main.o
 .comment       0x000000000000007c       0x7d Src/stm32g0xx_hal_msp.o
 .comment       0x000000000000007c       0x7d Src/stm32g0xx_it.o
 .comment       0x000000000000007c       0x7d Src/syscalls.o
 .comment       0x000000000000007c       0x7d Src/system_stm32g0xx.o

.debug_frame    0x0000000000000000     0x2c78
 .debug_frame   0x0000000000000000      0x260 Drivers/STM32G0xx_HAL_Driver/Src/stm32g0xx_hal.o
 .debug_frame   0x0000000000000260      0x11c Drivers/STM32G0xx_HAL_Driver/Src/stm32g0xx_hal_cortex.o
 .debug_frame   0x000000000000037c      0x1a0 Drivers/STM32G0xx_HAL_Driver/Src/stm32g0xx_hal_dma.o
 .debug_frame   0x000000000000051c       0xd0 Drivers/STM32G0xx_HAL_Driver/Src/stm32g0xx_hal_gpio.o
 .debug_frame   0x00000000000005ec      0x85c Drivers/STM32G0xx_HAL_Driver/Src/stm32g0xx_hal_i2c.o
 .debug_frame   0x0000000000000e48       0xc0 Drivers/STM32G0xx_HAL_Driver/Src/stm32g0xx_hal_i2c_ex.o
 .debug_frame   0x0000000000000f08      0x190 Drivers/STM32G0xx_HAL_Driver/Src/stm32g0xx_hal_pwr_ex.o
 .debug_frame   0x0000000000001098      0x160 Drivers/STM32G0xx_HAL_Driver/Src/stm32g0xx_hal_rcc.o
 .debug_frame   0x00000000000011f8       0xa0 Drivers/STM32G0xx_HAL_Driver/Src/stm32g0xx_hal_rcc_ex.o
 .debug_frame   0x0000000000001298      0x624 Drivers/STM32G0xx_HAL_Driver/Src/stm32g0xx_hal_uart.o
 .debug_frame   0x00000000000018bc      0x158 Drivers/STM32G0xx_HAL_Driver/Src/stm32g0xx_hal_uart_ex.o
 .debug_frame   0x0000000000001a14       0x98 Src/main.o
 .debug_frame   0x0000000000001aac       0x8c Src/stm32g0xx_hal_msp.o
 .debug_frame   0x0000000000001b38       0x80 Src/stm32g0xx_it.o
 .debug_frame   0x0000000000001bb8      0x19c Src/syscalls.o
 .debug_frame   0x0000000000001d54       0x3c Src/system_stm32g0xx.o
 .debug_frame   0x0000000000001d90       0x20 /opt/Atollic_TrueSTUDIO_for_STM32_x86_64_9.3.0/ARMTools/bin/../lib/gcc/arm-atollic-eabi/6.3.1/../../../../arm-atollic-eabi/lib/armv6-m/libc_nano.a(lib_a-errno.o)
 .debug_frame   0x0000000000001db0       0x2c /opt/Atollic_TrueSTUDIO_for_STM32_x86_64_9.3.0/ARMTools/bin/../lib/gcc/arm-atollic-eabi/6.3.1/../../../../arm-atollic-eabi/lib/armv6-m/libc_nano.a(lib_a-init.o)
 .debug_frame   0x0000000000001ddc       0x20 /opt/Atollic_TrueSTUDIO_for_STM32_x86_64_9.3.0/ARMTools/bin/../lib/gcc/arm-atollic-eabi/6.3.1/../../../../arm-atollic-eabi/lib/armv6-m/libc_nano.a(lib_a-memset.o)
 .debug_frame   0x0000000000001dfc       0x70 /opt/Atollic_TrueSTUDIO_for_STM32_x86_64_9.3.0/ARMTools/bin/../lib/gcc/arm-atollic-eabi/6.3.1/../../../../arm-atollic-eabi/lib/armv6-m/libc_nano.a(lib_a-nano-vfprintf_float.o)
 .debug_frame   0x0000000000001e6c       0x54 /opt/Atollic_TrueSTUDIO_for_STM32_x86_64_9.3.0/ARMTools/bin/../lib/gcc/arm-atollic-eabi/6.3.1/../../../../arm-atollic-eabi/lib/armv6-m/libc_nano.a(lib_a-nano-vfprintf_i.o)
 .debug_frame   0x0000000000001ec0       0x50 /opt/Atollic_TrueSTUDIO_for_STM32_x86_64_9.3.0/ARMTools/bin/../lib/gcc/arm-atollic-eabi/6.3.1/../../../../arm-atollic-eabi/lib/armv6-m/libc_nano.a(lib_a-printf.o)
 .debug_frame   0x0000000000001f10       0x44 /opt/Atollic_TrueSTUDIO_for_STM32_x86_64_9.3.0/ARMTools/bin/../lib/gcc/arm-atollic-eabi/6.3.1/../../../../arm-atollic-eabi/lib/armv6-m/libc_nano.a(lib_a-puts.o)
 .debug_frame   0x0000000000001f54       0x48 /opt/Atollic_TrueSTUDIO_for_STM32_x86_64_9.3.0/ARMTools/bin/../lib/gcc/arm-atollic-eabi/6.3.1/../../../../arm-atollic-eabi/lib/armv6-m/libc_nano.a(lib_a-wbuf.o)
 .debug_frame   0x0000000000001f9c       0x2c /opt/Atollic_TrueSTUDIO_for_STM32_x86_64_9.3.0/ARMTools/bin/../lib/gcc/arm-atollic-eabi/6.3.1/../../../../arm-atollic-eabi/lib/armv6-m/libc_nano.a(lib_a-wsetup.o)
 .debug_frame   0x0000000000001fc8       0x54 /opt/Atollic_TrueSTUDIO_for_STM32_x86_64_9.3.0/ARMTools/bin/../lib/gcc/arm-atollic-eabi/6.3.1/../../../../arm-atollic-eabi/lib/armv6-m/libc_nano.a(lib_a-dtoa.o)
 .debug_frame   0x000000000000201c       0x68 /opt/Atollic_TrueSTUDIO_for_STM32_x86_64_9.3.0/ARMTools/bin/../lib/gcc/arm-atollic-eabi/6.3.1/../../../../arm-atollic-eabi/lib/armv6-m/libc_nano.a(lib_a-fflush.o)
 .debug_frame   0x0000000000002084      0x140 /opt/Atollic_TrueSTUDIO_for_STM32_x86_64_9.3.0/ARMTools/bin/../lib/gcc/arm-atollic-eabi/6.3.1/../../../../arm-atollic-eabi/lib/armv6-m/libc_nano.a(lib_a-findfp.o)
 .debug_frame   0x00000000000021c4       0x58 /opt/Atollic_TrueSTUDIO_for_STM32_x86_64_9.3.0/ARMTools/bin/../lib/gcc/arm-atollic-eabi/6.3.1/../../../../arm-atollic-eabi/lib/armv6-m/libc_nano.a(lib_a-fwalk.o)
 .debug_frame   0x000000000000221c       0x40 /opt/Atollic_TrueSTUDIO_for_STM32_x86_64_9.3.0/ARMTools/bin/../lib/gcc/arm-atollic-eabi/6.3.1/../../../../arm-atollic-eabi/lib/armv6-m/libc_nano.a(lib_a-localeconv.o)
 .debug_frame   0x000000000000225c       0x54 /opt/Atollic_TrueSTUDIO_for_STM32_x86_64_9.3.0/ARMTools/bin/../lib/gcc/arm-atollic-eabi/6.3.1/../../../../arm-atollic-eabi/lib/armv6-m/libc_nano.a(lib_a-makebuf.o)
 .debug_frame   0x00000000000022b0       0x40 /opt/Atollic_TrueSTUDIO_for_STM32_x86_64_9.3.0/ARMTools/bin/../lib/gcc/arm-atollic-eabi/6.3.1/../../../../arm-atollic-eabi/lib/armv6-m/libc_nano.a(lib_a-malloc.o)
 .debug_frame   0x00000000000022f0       0x20 /opt/Atollic_TrueSTUDIO_for_STM32_x86_64_9.3.0/ARMTools/bin/../lib/gcc/arm-atollic-eabi/6.3.1/../../../../arm-atollic-eabi/lib/armv6-m/libc_nano.a(lib_a-memchr-stub.o)
 .debug_frame   0x0000000000002310       0x28 /opt/Atollic_TrueSTUDIO_for_STM32_x86_64_9.3.0/ARMTools/bin/../lib/gcc/arm-atollic-eabi/6.3.1/../../../../arm-atollic-eabi/lib/armv6-m/libc_nano.a(lib_a-memcpy-stub.o)
 .debug_frame   0x0000000000002338      0x238 /opt/Atollic_TrueSTUDIO_for_STM32_x86_64_9.3.0/ARMTools/bin/../lib/gcc/arm-atollic-eabi/6.3.1/../../../../arm-atollic-eabi/lib/armv6-m/libc_nano.a(lib_a-mprec.o)
 .debug_frame   0x0000000000002570       0x2c /opt/Atollic_TrueSTUDIO_for_STM32_x86_64_9.3.0/ARMTools/bin/../lib/gcc/arm-atollic-eabi/6.3.1/../../../../arm-atollic-eabi/lib/armv6-m/libc_nano.a(lib_a-nano-callocr.o)
 .debug_frame   0x000000000000259c       0x2c /opt/Atollic_TrueSTUDIO_for_STM32_x86_64_9.3.0/ARMTools/bin/../lib/gcc/arm-atollic-eabi/6.3.1/../../../../arm-atollic-eabi/lib/armv6-m/libc_nano.a(lib_a-nano-freer.o)
 .debug_frame   0x00000000000025c8       0x2c /opt/Atollic_TrueSTUDIO_for_STM32_x86_64_9.3.0/ARMTools/bin/../lib/gcc/arm-atollic-eabi/6.3.1/../../../../arm-atollic-eabi/lib/armv6-m/libc_nano.a(lib_a-nano-mallocr.o)
 .debug_frame   0x00000000000025f4       0x9c /opt/Atollic_TrueSTUDIO_for_STM32_x86_64_9.3.0/ARMTools/bin/../lib/gcc/arm-atollic-eabi/6.3.1/../../../../arm-atollic-eabi/lib/armv6-m/libc_nano.a(lib_a-nano-vfprintf.o)
 .debug_frame   0x0000000000002690       0x2c /opt/Atollic_TrueSTUDIO_for_STM32_x86_64_9.3.0/ARMTools/bin/../lib/gcc/arm-atollic-eabi/6.3.1/../../../../arm-atollic-eabi/lib/armv6-m/libc_nano.a(lib_a-sbrkr.o)
 .debug_frame   0x00000000000026bc       0x90 /opt/Atollic_TrueSTUDIO_for_STM32_x86_64_9.3.0/ARMTools/bin/../lib/gcc/arm-atollic-eabi/6.3.1/../../../../arm-atollic-eabi/lib/armv6-m/libc_nano.a(lib_a-stdio.o)
 .debug_frame   0x000000000000274c       0x2c /opt/Atollic_TrueSTUDIO_for_STM32_x86_64_9.3.0/ARMTools/bin/../lib/gcc/arm-atollic-eabi/6.3.1/../../../../arm-atollic-eabi/lib/armv6-m/libc_nano.a(lib_a-writer.o)
 .debug_frame   0x0000000000002778       0x2c /opt/Atollic_TrueSTUDIO_for_STM32_x86_64_9.3.0/ARMTools/bin/../lib/gcc/arm-atollic-eabi/6.3.1/../../../../arm-atollic-eabi/lib/armv6-m/libc_nano.a(lib_a-closer.o)
 .debug_frame   0x00000000000027a4       0x2c /opt/Atollic_TrueSTUDIO_for_STM32_x86_64_9.3.0/ARMTools/bin/../lib/gcc/arm-atollic-eabi/6.3.1/../../../../arm-atollic-eabi/lib/armv6-m/libc_nano.a(lib_a-fstatr.o)
 .debug_frame   0x00000000000027d0       0x2c /opt/Atollic_TrueSTUDIO_for_STM32_x86_64_9.3.0/ARMTools/bin/../lib/gcc/arm-atollic-eabi/6.3.1/../../../../arm-atollic-eabi/lib/armv6-m/libc_nano.a(lib_a-isattyr.o)
 .debug_frame   0x00000000000027fc       0x74 /opt/Atollic_TrueSTUDIO_for_STM32_x86_64_9.3.0/ARMTools/bin/../lib/gcc/arm-atollic-eabi/6.3.1/../../../../arm-atollic-eabi/lib/armv6-m/libc_nano.a(lib_a-locale.o)
 .debug_frame   0x0000000000002870       0x2c /opt/Atollic_TrueSTUDIO_for_STM32_x86_64_9.3.0/ARMTools/bin/../lib/gcc/arm-atollic-eabi/6.3.1/../../../../arm-atollic-eabi/lib/armv6-m/libc_nano.a(lib_a-lseekr.o)
 .debug_frame   0x000000000000289c       0x44 /opt/Atollic_TrueSTUDIO_for_STM32_x86_64_9.3.0/ARMTools/bin/../lib/gcc/arm-atollic-eabi/6.3.1/../../../../arm-atollic-eabi/lib/armv6-m/libc_nano.a(lib_a-mbtowc_r.o)
 .debug_frame   0x00000000000028e0       0x30 /opt/Atollic_TrueSTUDIO_for_STM32_x86_64_9.3.0/ARMTools/bin/../lib/gcc/arm-atollic-eabi/6.3.1/../../../../arm-atollic-eabi/lib/armv6-m/libc_nano.a(lib_a-mlock.o)
 .debug_frame   0x0000000000002910       0x2c /opt/Atollic_TrueSTUDIO_for_STM32_x86_64_9.3.0/ARMTools/bin/../lib/gcc/arm-atollic-eabi/6.3.1/../../../../arm-atollic-eabi/lib/armv6-m/libc_nano.a(lib_a-readr.o)
 .debug_frame   0x000000000000293c       0x48 /opt/Atollic_TrueSTUDIO_for_STM32_x86_64_9.3.0/ARMTools/bin/../lib/gcc/arm-atollic-eabi/6.3.1/../../../../arm-atollic-eabi/lib/armv6-m/libc_nano.a(lib_a-reent.o)
 .debug_frame   0x0000000000002984       0x38 /opt/Atollic_TrueSTUDIO_for_STM32_x86_64_9.3.0/ARMTools/bin/../lib/gcc/arm-atollic-eabi/6.3.1/../../../../arm-atollic-eabi/lib/armv6-m/libc_nano.a(lib_a-wctomb_r.o)
 .debug_frame   0x00000000000029bc       0x20 /opt/Atollic_TrueSTUDIO_for_STM32_x86_64_9.3.0/ARMTools/bin/../lib/gcc/arm-atollic-eabi/6.3.1/armv6-m/libgcc.a(_udivsi3.o)
 .debug_frame   0x00000000000029dc       0x20 /opt/Atollic_TrueSTUDIO_for_STM32_x86_64_9.3.0/ARMTools/bin/../lib/gcc/arm-atollic-eabi/6.3.1/armv6-m/libgcc.a(_divsi3.o)
 .debug_frame   0x00000000000029fc       0x3c /opt/Atollic_TrueSTUDIO_for_STM32_x86_64_9.3.0/ARMTools/bin/../lib/gcc/arm-atollic-eabi/6.3.1/armv6-m/libgcc.a(_udivmoddi4.o)
 .debug_frame   0x0000000000002a38       0x3c /opt/Atollic_TrueSTUDIO_for_STM32_x86_64_9.3.0/ARMTools/bin/../lib/gcc/arm-atollic-eabi/6.3.1/armv6-m/libgcc.a(adddf3.o)
 .debug_frame   0x0000000000002a74       0x3c /opt/Atollic_TrueSTUDIO_for_STM32_x86_64_9.3.0/ARMTools/bin/../lib/gcc/arm-atollic-eabi/6.3.1/armv6-m/libgcc.a(divdf3.o)
 .debug_frame   0x0000000000002ab0       0x38 /opt/Atollic_TrueSTUDIO_for_STM32_x86_64_9.3.0/ARMTools/bin/../lib/gcc/arm-atollic-eabi/6.3.1/armv6-m/libgcc.a(eqdf2.o)
 .debug_frame   0x0000000000002ae8       0x38 /opt/Atollic_TrueSTUDIO_for_STM32_x86_64_9.3.0/ARMTools/bin/../lib/gcc/arm-atollic-eabi/6.3.1/armv6-m/libgcc.a(gedf2.o)