MLX90640_API.c:49:5:MLX90640_DumpEE	8	static
MLX90640_API.c:54:5:MLX90640_GetFrameData	40	static
MLX90640_API.c:146:5:MLX90640_SetResolution	24	static
MLX90640_API.c:167:5:MLX90640_GetCurResolution	16	static
MLX90640_API.c:185:5:MLX90640_SetRefreshRate	24	static
MLX90640_API.c:205:5:MLX90640_GetRefreshRate	16	static
MLX90640_API.c:223:5:MLX90640_SetInterleavedMode	24	static
MLX90640_API.c:242:5:MLX90640_SetChessMode	24	static
MLX90640_API.c:261:5:MLX90640_GetCurMode	16	static
MLX90640_API.c:507:7:MLX90640_GetVdd	32	static
MLX90640_API.c:528:7:MLX90640_GetTa	32	static
MLX90640_API.c:279:6:MLX90640_CalculateTo	144	static
MLX90640_API.c:412:6:MLX90640_GetImage	96	static
MLX90640_API.c:558:5:MLX90640_GetSubPageNumber	0	static
MLX90640_API.c:668:6:ExtractVDDParameters	0	static
MLX90640_API.c:690:6:ExtractPTATParameters	32	static
MLX90640_API.c:723:6:ExtractGainParameters	0	static
MLX90640_API.c:738:6:ExtractTgcParameters	16	static
MLX90640_API.c:753:6:ExtractResolutionParameters	0	static
MLX90640_API.c:763:6:ExtractKsTaParameters	16	static
MLX90640_API.c:778:6:ExtractKsToParameters	32	static
MLX90640_API.c:814:6:ExtractAlphaParameters	288	static
MLX90640_API.c:885:6:ExtractOffsetParameters	272	static
MLX90640_API.c:957:6:ExtractKtaPixelParameters	64	static
MLX90640_API.c:1020:6:ExtractKvPixelParameters	48	static
MLX90640_API.c:1076:6:ExtractCPParameters	56	static
MLX90640_API.c:1139:6:ExtractCILCParameters	32	static
MLX90640_API.c:1267:6:CheckAdjacentPixels	0	static
MLX90640_API.c:1176:5:ExtractDeviatingPixels	40	static
MLX90640_API.c:113:5:MLX90640_ExtractParameters	16	static
MLX90640_API.c:1290:6:CheckEEPROMValid	8	static
MLX90640_API.c:1305:7:GetMedian	48	static
MLX90640_API.c:1336:5:IsPixelBad	0	static
MLX90640_API.c:565:6:MLX90640_BadPixelsCorrection	64	static
